[herrlich.media/index.html]
[backblue.gif]
[fade.gif]
[index.html]
[herrlich.media/wp-content/themes/herrlich/assets/img/favicon.ico]
[herrlich.media/wp-content/themes/herrlich/assets/img/favicon.gif]
[herrlich.media/wp-content/themes/herrlich/assets/img/touch-icons/apple-touch-icon-57x57.png]
[herrlich.media/wp-content/themes/herrlich/assets/img/touch-icons/apple-touch-icon-114x114.png]
[herrlich.media/wp-content/themes/herrlich/assets/img/touch-icons/apple-touch-icon-72x72.png]
[herrlich.media/wp-content/themes/herrlich/assets/img/touch-icons/apple-touch-icon-144x144.png]
[herrlich.media/GET]
[herrlich.media/wp-content/themes/herrlich/assets/css/style.min5152.css]
[herrlich.media/comments/feed/index.html]
[herrlich.media/feed/index.html]
[herrlich.media/home/feed/index.html]
[herrlich.media/wp-json/oembed/1.0/embeda7f8.json]
[herrlich.media/wp-json/index.html]
[herrlich.media/wp-json/oembed/1.0/embed8c70]
[herrlich.media/impressum.html]
[herrlich.media/jobs/index.html]
[herrlich.media/datenschutz.html]
[herrlich.media/wp-content/themes/herrlich/assets/img/cssgallery/awwwards_nominee_black_left.png]
[herrlich.media/arbeiten/index.html]
[herrlich.media/team/index.html]
[herrlich.media/blog/index.html]
[herrlich.media/kontakt/index.html]
[herrlich.media/wp-includes/js/comment-reply.min5010.js]
[ajax.googleapis.com/ajax/libs/jquery/1.8.3/jquery.min4511.js]
[herrlich.media/impressum/index.html]
[herrlich.media/datenschutz/index.html]
[ajax.googleapis.com/ajax/libs/jqueryui/1.10.3/jquery-ui.mindb08.js]
[cdnjs.cloudflare.com/ajax/libs/modernizr/2.6.2/modernizr.min61da.js]
[herrlich.media/wp-content/themes/herrlich/assets/js/script.min5010.js]
[herrlich.media/index.html]
[www.googletagmanager.com/gtm5445.html]
[herrlich.media/GET.html]
[herrlich.media/retinaimagese0f5.html]
[herrlich.media/xmlrpc.php]
[herrlich.media/wp-includes/js/wp-embed.min5010.js]
[herrlich.media/wp-content/themes/herrlich/assets/fonts/herrlich-media.eot]
[herrlich.media/wp-content/themes/herrlich/assets/fonts/herrlich-mediad41d.eot]
[herrlich.media/wp-content/themes/herrlich/assets/fonts/herrlich-media.svg]
[herrlich.media/wp-content/themes/herrlich/assets/fonts/herrlich-media.woff]
[herrlich.media/wp-content/themes/herrlich/assets/fonts/herrlich-media.ttf]
[herrlich.media/wp-content/themes/herrlich/assets/img/job-icon-user.png]
[herrlich.media/wp-content/themes/herrlich/assets/img/zieh-mal-green.png]
[herrlich.media/wp-content/themes/herrlich/assets/img/zieh-mal-green@2x.png]
[herrlich.media/wp-content/themes/herrlich/assets/img/job-icon-user@2x.png]
[herrlich.media/wp-content/themes/herrlich/assets/img/background-header.jpg]
[herrlich.media/wp-content/themes/herrlich/assets/img/404.jpg]
[herrlich.media/wp-content/themes/herrlich/assets/img/footer-shadow.png]
[herrlich.media/wp-content/themes/herrlich/assets/img/herrliches-sprite.png]
[herrlich.media/wp-content/themes/herrlich/assets/img/herrliches-sprite@2x.png]
[herrlich.media/wp-content/themes/herrlich/assets/img/sharre-beginn.png]
[herrlich.media/wp-content/themes/herrlich/assets/img/sharre-beginn@2x.png]
[herrlich.media/wp-content/themes/herrlich/assets/img/social-trigger.png]
[herrlich.media/wp-content/themes/herrlich/assets/img/social-trigger@2x.png]
[herrlich.media/wp-content/themes/herrlich/assets/img/social-icons.png]
[herrlich.media/wp-content/themes/herrlich/assets/img/zieh-mal.png]
[herrlich.media/wp-content/themes/herrlich/assets/img/social-icons@2x.png]
[herrlich.media/wp-content/themes/herrlich/assets/img/slider/slider-normal-reflex.png]
[herrlich.media/wp-content/themes/herrlich/assets/img/slider/slider-normal-bg-green.jpg]
[herrlich.media/wp-content/themes/herrlich/assets/img/prev-focus.png]
[herrlich.media/wp-content/themes/herrlich/assets/img/zieh-mal@2x.png]
[herrlich.media/wp-content/themes/herrlich/assets/img/prev-focus@2x.png]
[herrlich.media/wp-content/themes/herrlich/assets/img/next-focus.png]
[herrlich.media/wp-content/themes/herrlich/assets/img/next-focus@2x.png]
[herrlich.media/wp-content/themes/herrlich/assets/icons/facebook.png]
[herrlich.media/wp-content/themes/herrlich/assets/icons/skype.png]
[herrlich.media/wp-content/themes/herrlich/assets/icons/google.png]
[herrlich.media/wp-content/themes/herrlich/assets/icons/grooveshark.png]
[herrlich.media/wp-content/themes/herrlich/assets/icons/lastfm.png]
[herrlich.media/wp-content/themes/herrlich/assets/icons/linkedin.png]
[herrlich.media/wp-content/themes/herrlich/assets/icons/myspace.png]
[herrlich.media/wp-content/themes/herrlich/assets/icons/soundcloud.png]
[herrlich.media/wp-content/themes/herrlich/assets/icons/spotify.png]
[herrlich.media/wp-content/themes/herrlich/assets/icons/steam.png]
[herrlich.media/wp-content/themes/herrlich/assets/icons/twitter.png]
[herrlich.media/wp-content/themes/herrlich/assets/icons/vimeo.png]
[herrlich.media/wp-content/themes/herrlich/assets/icons/xing.png]
[herrlich.media/wp-content/themes/herrlich/assets/icons/youtube.png]
[herrlich.media/wp-content/themes/herrlich/assets/img/slider/slider-big-reflex.png]
[herrlich.media/wp-content/themes/herrlich/assets/img/slider/slider-big-bg-green.jpg]
[herrlich.media/wp-content/themes/herrlich/assets/img/slider/slider-normal-bg-green@2x.jpg]
[herrlich.media/wp-content/themes/herrlich/assets/img/slider/slider-small-reflex.png]
[herrlich.media/wp-content/themes/herrlich/assets/img/slider/slider-small-bg-green.jpg]
[herrlich.media/wp-content/themes/herrlich/assets/img/slider/slider-big-bg-green@2x.jpg]
[herrlich.media/wp-content/themes/herrlich/assets/img/slider/slider-small-bg-green@2x.jpg]
[herrlich.media/wp-content/themes/herrlich/assets/img/spinner-arrows.png]
[herrlich.media/wp-content/themes/herrlich/assets/css/style.min5152.css]
[herrlich.media/wp-content/themes/herrlich/index.html]
[herrlich.media/wp-content/themes/herrlich/assets/video/herrliches-essen.mp4]
[herrlich.media/jobs/GET]
[herrlich.media/wp-json/oembed/1.0/embed89d5.json]
[herrlich.media/jobs/feed/index.html]
[herrlich.media/wp-json/oembed/1.0/embed234a]
[herrlich.media/jobs/index.html]
[herrlich.media/wp-json/oembed/1.0/embed8bf9.json]
[herrlich.media/wp-json/oembed/1.0/embed5ddc]
[herrlich.media/impressum.html]
[herrlich.media/wp-json/oembed/1.0/embed6259.json]
[herrlich.media/wp-json/oembed/1.0/embed30be]
[herrlich.media/datenschutz.html]
[herrlich.media/arbeiten/GET]
[herrlich.media/arbeiten/page/2/index.html]
[herrlich.media/wp-content/themes/herrlich/assets/img/loader.gif]
[herrlich.media/arbeiten/feed/index.html]
[herrlich.media/wp-content/uploads/2018/06/grünberg-2.png]
[herrlich.media/wp-content/uploads/2016/11/agantty-projektmanagement-tool-technik-317x800.jpg]
[herrlich.media/arbeiten/kliemannsland/index.html]
[herrlich.media/wp-content/uploads/2018/06/rocon.png]
[herrlich.media/wp-content/uploads/2018/06/Lucente-2.png]
[herrlich.media/wp-content/uploads/2016/11/profilbild.jpg]
[herrlich.media/wp-content/uploads/2016/06/profilbild-Kopie-6.jpg]
[herrlich.media/wp-content/uploads/2016/11/titelbild-kliemannsland-referenz-website-herrlich-media.jpg]
[herrlich.media/arbeiten/ms-dockville/index.html]
[herrlich.media/wp-content/uploads/2018/06/Hansa-2.png]
[herrlich.media/arbeiten/rocktbeanstv/index.html]
[herrlich.media/wp-content/uploads/2016/11/avides-titelbild.jpg]
[herrlich.media/arbeiten/index.html]
[herrlich.media/wp-content/uploads/2018/06/buero3e-2.png]
[herrlich.media/arbeiten/lisega/index.html]
[herrlich.media/wp-content/uploads/2018/06/German-Finance.png]
[herrlich.media/team/GET]
[herrlich.media/team/feed/index.html]
[herrlich.media/wp-content/uploads/2013/01/fynn-kliemann.jpg]
[herrlich.media/wp-content/uploads/2013/01/florian-bottmann.jpg]
[herrlich.media/wp-content/uploads/2013/01/du-hover.jpg]
[herrlich.media/wp-content/uploads/2013/01/lea.jpg]
[herrlich.media/team/index.html]
[herrlich.media/jobs.html]
[herrlich.media/wp-content/uploads/2013/01/du.jpg]
[herrlich.media/wp-content/uploads/2016/06/woman-hover.jpg]
[herrlich.media/blog/GET]
[herrlich.media/wp-content/uploads/2016/11/lisega-website-referenz-titel.gif]
[herrlich.media/thema/herrlich-media.html]
[herrlich.media/blog/feed/index.html]
[herrlich.media/autor/fynn/index.html]
[herrlich.media/thema/agentur/index.html]
[herrlich.media/wp-content/uploads/userphoto/2.thumbnail.jpg]
[herrlich.media/blog/weiter-spielen/index.html]
[herrlich.media/blog/kostenlose-bilder/index.html]
[herrlich.media/wp-content/uploads/2013/12/2013.png]
[herrlich.media/blog/2013-herrlicher-rueckblick/index.html]
[herrlich.media/thema/wordpress/index.html]
[herrlich.media/wp-content/uploads/2014/04/free-stock.jpg]
[herrlich.media/blog/remove-read-more-link-wordpress-excerpt/index.html]
[herrlich.media/wp-content/uploads/2013/06/jscrollpane-individual-scrollbar-example.png]
[herrlich.media/thema/jquery/index.html]
[herrlich.media/blog/jscrollpane-pane-in-the-ass/index.html]
[herrlich.media/blog/heiss-fettig-wir-gewinnen-css-awards/index.html]
[herrlich.media/wp-content/uploads/2016/11/spielzimmer-herrlich-media-fynn-kliemann-florian-bottmann.jpg]
[herrlich.media/wp-content/uploads/2013/05/award-gif1.gif]
[herrlich.media/wp-content/uploads/userphoto/3.thumbnail.jpg]
[herrlich.media/wp-content/uploads/2013/05/wordpress-redis-cache-speed-optimize.png]
[herrlich.media/thema/redis/index.html]
[herrlich.media/blog/index.html]
[herrlich.media/blog/ladezeiten-mit-hilfe-vom-redis-cache-minimieren/index.html]
[herrlich.media/autor/florian/index.html]
[herrlich.media/blog/das-netz-hat-eine-website-mehr/index.html]
[herrlich.media/wp-content/uploads/2013/04/neue-website-herrlich-media.jpg]
[herrlich.media/kontakt/GET]
[herrlich.media/wp-json/oembed/1.0/embed6bb2.json]
[herrlich.media/wp-json/oembed/1.0/embedfa40]
[herrlich.media/kontakt/index.html]
[herrlich.media/impressum/GET]
[herrlich.media/impressum/index.html]
[herrlich.media/datenschutz/GET]
[herrlich.media/datenschutz/index.html]
[herrlich.media/wp-content/themes/herrlich/assets/fonts/herrlich-media.svg]
[herrlich.media/wp-content/themes/herrlich/assets/img/background-header.html]
[herrlich.media/jobs/GET.html]
[herrlich.media/indexa448.html]
[herrlich.media/index3965.html]
[herrlich.media/index8951.html]
[herrlich.media/arbeiten/GET.html]
[herrlich.media/arbeiten/page/2/GET]
[herrlich.media/wp-content/uploads/2016/11/teaser.jpg]
[herrlich.media/arbeiten/page/3/index.html]
[herrlich.media/wp-content/uploads/2016/06/profilbild-Kopie.jpg]
[herrlich.media/arbeiten/aiya/index.html]
[herrlich.media/wp-content/uploads/2015/10/storchennest-norderney-profilbild.jpg]
[herrlich.media/arbeiten/storchennest/index.html]
[herrlich.media/wp-content/uploads/2015/01/profilbild.jpg]
[herrlich.media/wp-content/uploads/2014/08/profilbild.jpg]
[herrlich.media/arbeiten/kissa/index.html]
[herrlich.media/wp-content/uploads/2014/07/titel.jpg]
[herrlich.media/wp-content/uploads/2015/05/profilbild.jpg]
[herrlich.media/wp-content/uploads/2014/07/notforsalebook-titel.jpg]
[herrlich.media/arbeiten/hbb/index.html]
[herrlich.media/arbeiten/bendiks-engineering/index.html]
[herrlich.media/wp-content/uploads/2014/04/dedon-white-jungle-head-the-call1-340x725.jpg]
[herrlich.media/arbeiten/reccon/index.html]
[herrlich.media/arbeiten/archos-shop/index.html]
[herrlich.media/wp-content/uploads/2013/12/haus-christine-norderney-titel2-340x562.jpg]
[herrlich.media/arbeiten/not-for-sale-book-shop/index.html]
[herrlich.media/arbeiten/dedon-salone-del-mobile/index.html]
[herrlich.media/arbeiten/haus-christine/index.html]
[herrlich.media/arbeiten/page/2/index.html]
[herrlich.media/wp-content/uploads/2013/11/anna-fuchs-web-titel-314x800.jpg]
[herrlich.media/wp-content/uploads/2014/07/reccon-profilbild.gif]
[herrlich.media/arbeiten/anna-fuchs-webshop/index.html]
[herrlich.media/arbeiten/kliemannsland/GET]
[herrlich.media/wp-json/oembed/1.0/embede313.json]
[herrlich.media/arbeiten/kliemannsland/feed/index.html]
[herrlich.media/wp-json/oembed/1.0/embed834c]
[herrlich.media/wp-content/uploads/2016/11/kliemannsland-website-agentur-herrlich-media-website19.jpg]
[herrlich.media/wp-content/uploads/2016/11/kliemannsland-website-agentur-herrlich-media3-website.jpg]
[herrlich.media/wp-content/uploads/2016/11/kliemannsland-website-agentur-herrlich-media-website10.jpg]
[herrlich.media/wp-content/uploads/2016/11/kliemannsland-website-agentur-herrlich-media-website8.jpg]
[herrlich.media/wp-content/uploads/2016/11/kliemannsland-website-agentur-herrlich-media-website7.jpg]
[herrlich.media/wp-content/uploads/2016/11/kliemannsland-website-agentur-herrlich-media-website6.jpg]
[herrlich.media/wp-content/uploads/2016/11/kliemannsland-website-agentur-herrlich-media-website5.jpg]
[herrlich.media/wp-content/uploads/2016/11/kliemannsland-website-agentur-herrlich-media-website4.jpg]
[herrlich.media/wp-content/uploads/2016/11/kliemannsland-website-agentur-herrlich-media-website3.jpg]
[herrlich.media/wp-content/uploads/2016/11/kliemannsland-website-agentur-herrlich-media-slider-newsletter-signup-website1-658x415.jpg]
[herrlich.media/wp-content/uploads/2016/11/kliemannsland-website-agentur-herrlich-media-website1.jpg]
[herrlich.media/wp-content/uploads/2016/11/kliemannsland-website-agentur-herrlich-media-slider-website1-news-658x415.jpg]
[herrlich.media/wp-content/uploads/2016/11/kliemannsland-website-agentur-herrlich-media-slider-buergerservice-website1-658x415.jpg]
[herrlich.media/arbeiten/kliemannsland/index.html]
[herrlich.media/wp-content/uploads/2016/11/kliemannsland-website-agentur-herrlich-media-slider-website3-658x415.jpg]
[herrlich.media/wp-content/uploads/2016/11/kliemannsland-website-agentur-herrlich-media-slider-website1-658x415.jpg]
[herrlich.media/arbeiten/ms-dockville/GET]
[herrlich.media/wp-json/oembed/1.0/embed5de1.json]
[herrlich.media/arbeiten/ms-dockville/feed/index.html]
[herrlich.media/wp-json/oembed/1.0/embed22ba]
[herrlich.media/wp-content/uploads/2016/11/msdockville-showcase-referenz-website-agentur-herrlich-media-neue-medien2.jpg]
[herrlich.media/wp-content/uploads/2016/11/msdockville-showcase-referenz-website-agentur-herrlich-media-neue-medien3.jpg]
[herrlich.media/wp-content/uploads/2016/11/msdockville-showcase-referenz-website-agentur-herrlich-media-neue-medien4.jpg]
[herrlich.media/wp-content/uploads/2016/11/msdockville-showcase-referenz-website-agentur-herrlich-media-neue-medien5.jpg]
[herrlich.media/wp-content/uploads/2016/11/msdockville-showcase-referenz-website-agentur-herrlich-media-neue-medien6.jpg]
[herrlich.media/wp-content/uploads/2016/11/msdockville-showcase-referenz-website-agentur-herrlich-media-neue-medien7.jpg]
[herrlich.media/wp-content/uploads/2016/11/msdockville-showcase-referenz-website-agentur-herrlich-media-neue-medien1.jpg]
[herrlich.media/wp-content/uploads/2016/11/events.jpg]
[herrlich.media/wp-content/uploads/2016/11/musiker.jpg]
[herrlich.media/wp-content/uploads/2016/11/ei-kunst.jpg]
[herrlich.media/wp-content/uploads/2016/11/3-658x415.jpg]
[herrlich.media/wp-content/uploads/2016/11/4-658x415.jpg]
[herrlich.media/arbeiten/ms-dockville/index.html]
[herrlich.media/wp-content/uploads/2016/11/2-658x415.jpg]
[herrlich.media/wp-content/uploads/2016/11/1-658x415.jpg]
[herrlich.media/arbeiten/rocktbeanstv/GET.bf.delayed]
[herrlich.media/wp-json/oembed/1.0/embedbe5d.json]
[herrlich.media/arbeiten/rocktbeanstv/feed/index.html]
[herrlich.media/wp-json/oembed/1.0/embedb0ee]
[herrlich.media/team/fynn-kliemann/index.html]
[herrlich.media/wp-content/uploads/2016/06/header-1.jpg]
[herrlich.media/wp-content/uploads/2016/06/blog.jpg]
[herrlich.media/wp-content/uploads/2016/06/cinema.jpg]
[herrlich.media/wp-content/uploads/2016/06/mitarbeiter-detail.jpg]
[herrlich.media/wp-content/uploads/2016/06/shop-1.jpg]
[herrlich.media/wp-content/uploads/2016/06/wochenplan.jpg]
[herrlich.media/wp-content/uploads/2016/06/footer.jpg]
[herrlich.media/wp-content/uploads/2016/06/2-1-658x415.jpg]
[herrlich.media/wp-content/uploads/2016/06/3-1-658x415.jpg]
[herrlich.media/wp-content/uploads/2016/06/1-1-658x415.jpg]
[herrlich.media/arbeiten/rocktbeanstv/index.html]
[herrlich.media/wp-content/uploads/2016/06/4-1-658x415.jpg]
[herrlich.media/arbeiten/lisega/GET]
[herrlich.media/wp-json/oembed/1.0/embedba46.json]
[herrlich.media/arbeiten/lisega/feed/index.html]
[herrlich.media/wp-json/oembed/1.0/embed6903]
[herrlich.media/wp-content/uploads/2016/11/avides-website-agentur-deutschland-herrlich-media6.jpg]
[herrlich.media/wp-content/uploads/2016/11/avides-website-agentur-deutschland-herrlich-media4.jpg]
[herrlich.media/wp-content/uploads/2016/11/avides-website-agentur-deutschland-herrlich-media.jpg]
[herrlich.media/wp-content/uploads/2016/11/avides-website-agentur-deutschland-herrlich-media5.jpg]
[herrlich.media/wp-content/uploads/2016/11/avides-website-agentur-deutschland-herrlich-media3.jpg]
[herrlich.media/wp-content/uploads/2016/11/avides-website-agentur-deutschland-herrlich-media2.jpg]
[herrlich.media/wp-content/uploads/2016/11/lisega-website-referenz-slider1-658x415.jpg]
[herrlich.media/wp-content/uploads/2016/11/lisega-website-referenz-slider2-658x415.jpg]
[herrlich.media/wp-content/uploads/2016/11/lisega-website-referenz-slider3-658x415.jpg]
[herrlich.media/wp-content/uploads/2016/11/lisega-website-referenz-slider4-658x415.jpg]
[herrlich.media/arbeiten/lisega/index.html]
[herrlich.media/team/GET.html]
[herrlich.media/jobs.html]
[herrlich.media/blog/GET.html]
[herrlich.media/wp-content/uploads/2016/11/lisega-website-referenz-slider5-658x415.jpg]
[herrlich.media/thema/agentur/GET]
[herrlich.media/thema/agentur/index.html]
[herrlich.media/blog.html]
[herrlich.media/thema/agentur/feed/index.html]
[herrlich.media/thema/GET.ea.delayed]
[herrlich.media/thema/herrlich-media.html]
[herrlich.media/autor/fynn/GET]
[herrlich.media/thema/herrlich-media/feed/index.html]
[herrlich.media/autor/fynn/index.html]
[herrlich.media/wp-content/uploads/userphoto/2.jpg]
[herrlich.media/autor/fynn/feed/index.html]
[herrlich.media/blog/weiter-spielen/GET.ed.delayed]
[herrlich.media/wp-json/oembed/1.0/embed215b.json]
[herrlich.media/blog/weiter-spielen/feed/index.html]
[herrlich.media/wp-json/oembed/1.0/embed95e7]
[herrlich.media/blog/weiter-spielen/index.html]
[herrlich.media/blog/kostenlose-bilder/GET]
[herrlich.media/wp-json/oembed/1.0/embedbf75.json]
[herrlich.media/blog/kostenlose-bilder/feed/index.html]
[herrlich.media/wp-json/oembed/1.0/embedfc42]
[herrlich.media/blog/kostenlose-bilder/index.html]
[herrlich.media/blog/2013-herrlicher-rueckblick/GET]
[herrlich.media/wp-json/oembed/1.0/embeda42c.json]
[herrlich.media/wp-content/uploads/2016/11/spielzimmer-herrlich-media.jpg]
[herrlich.media/blog/2013-herrlicher-rueckblick/feed/index.html]
[herrlich.media/wp-json/oembed/1.0/embeddf5a]
[herrlich.media/wp-content/uploads/2013/12/arne-96.jpg]
[herrlich.media/wp-content/uploads/2013/12/graph2.png]
[herrlich.media/wp-content/uploads/2013/12/herrlich-media-ci1.jpg]
[herrlich.media/wp-content/uploads/2013/12/fotos.jpg]
[herrlich.media/blog/2013-herrlicher-rueckblick/index.html]
[herrlich.media/wp-content/uploads/2013/12/unterschrift-small.jpg]
[herrlich.media/wp-content/uploads/2013/12/xmas-geschenke.jpg]
[herrlich.media/thema/wordpress/GET.105.delayed]
[herrlich.media/thema/wordpress/index.html]
[herrlich.media/thema/wordpress/feed/index.html]
[herrlich.media/blog/remove-read-more-link-wordpress-excerpt/GET]
[herrlich.media/wp-json/oembed/1.0/embed5ed2.json]
[herrlich.media/blog/remove-read-more-link-wordpress-excerpt/feed/index.html]
[herrlich.media/wp-json/oembed/1.0/embed3c93]
[herrlich.media/wp-content/plugins/syntaxhighlighter/syntaxhighlighter2/scripts/shCorede8c.js]
[herrlich.media/arbeiten/hallo-oma-app/index.html]
[herrlich.media/arbeiten/eintrittskarten-mobile/index.html]
[herrlich.media/wp-content/plugins/syntaxhighlighter/syntaxhighlighter2/scripts/shBrushXmlde8c.js]
[herrlich.media/wp-content/plugins/syntaxhighlighter/syntaxhighlighter2/styles/shCorede8c.css]
[herrlich.media/wp-content/plugins/syntaxhighlighter/syntaxhighlighter2/styles/shThemeDefaultde8c.css]
[herrlich.media/blog/remove-read-more-link-wordpress-excerpt/index.html]
[herrlich.media/thema/jquery/GET]
[herrlich.media/thema/jquery/index.html]
[herrlich.media/thema/jquery/feed/index.html]
[herrlich.media/blog/jscrollpane-pane-in-the-ass/GET.10f.delayed]
[herrlich.media/blog/jscrollpane-pane-in-the-ass/feed/index.html]
[herrlich.media/wp-json/oembed/1.0/embed5bda.json]
[herrlich.media/wp-json/oembed/1.0/embed929c]
[herrlich.media/blog/jscrollpane-pane-in-the-ass/index.html]
[herrlich.media/wp-content/plugins/syntaxhighlighter/syntaxhighlighter2/scripts/shBrushCssde8c.js]
[herrlich.media/blog/heiss-fettig-wir-gewinnen-css-awards/GET.113.delayed]
[herrlich.media/wp-json/oembed/1.0/embedeb79.json]
[herrlich.media/blog/heiss-fettig-wir-gewinnen-css-awards/feed/index.html]
[herrlich.media/wp-json/oembed/1.0/embedbd9f]
[herrlich.media/blog/heiss-fettig-wir-gewinnen-css-awards/index.html]
[herrlich.media/wp-content/uploads/2013/05/stats1.png]
[herrlich.media/thema/redis/GET]
[herrlich.media/thema/redis/index.html]
[herrlich.media/autor/florian/GET]
[herrlich.media/thema/redis/feed/index.html]
[herrlich.media/autor/florian/index.html]
[herrlich.media/wp-content/uploads/userphoto/3.jpg]
[herrlich.media/autor/florian/feed/index.html]
[herrlich.media/blog/ladezeiten-mit-hilfe-vom-redis-cache-minimieren/GET]
[herrlich.media/blog/ladezeiten-mit-hilfe-vom-redis-cache-minimieren/feed/index.html]
[herrlich.media/wp-json/oembed/1.0/embedcba9.json]
[herrlich.media/wp-json/oembed/1.0/embedb309]
[herrlich.media/blog/ladezeiten-mit-hilfe-vom-redis-cache-minimieren/index.html]
[herrlich.media/wp-content/plugins/syntaxhighlighter/syntaxhighlighter2/scripts/shBrushPhpde8c.js]
[herrlich.media/blog/das-netz-hat-eine-website-mehr/GET]
[herrlich.media/wp-json/oembed/1.0/embed3d04.json]
[herrlich.media/blog/das-netz-hat-eine-website-mehr/feed/index.html]
[herrlich.media/wp-json/oembed/1.0/embed0041]
[herrlich.media/blog/das-netz-hat-eine-website-mehr/index.html]
[herrlich.media/kontakt/GET.html]
[herrlich.media/index5757.html]
[herrlich.media/impressum/GET.html]
[herrlich.media/datenschutz/GET.html]
[herrlich.media/arbeiten/page/2/GET.html]
[herrlich.media/arbeiten.html]
[herrlich.media/arbeiten/page/3/GET]
[herrlich.media/arbeiten/page/4/index.html]
[herrlich.media/wp-content/uploads/2013/11/eintrittskarten-titel1.jpg]
[herrlich.media/wp-content/uploads/2013/09/hallo-oma-app-titel.jpg]
[herrlich.media/wp-content/uploads/2013/04/salon-anna-titel.jpg]
[herrlich.media/arbeiten/salon-anna-treue-karten/index.html]
[herrlich.media/wp-content/uploads/2013/04/tammen-titel.jpg]
[herrlich.media/arbeiten/norbert-tammen-ci/index.html]
[herrlich.media/wp-content/uploads/2013/04/roncalli-hoehner-show-titel.jpg]
[herrlich.media/wp-content/uploads/2013/04/abi-titel.jpg]
[herrlich.media/arbeiten/hoehner-rocking-roncalli-show/index.html]
[herrlich.media/arbeiten/abi-2012/index.html]
[herrlich.media/wp-content/uploads/2013/04/tophotelprojects-titel.jpg]
[herrlich.media/wp-content/uploads/2013/04/pizza-flitza-karte-titel.jpg]
[herrlich.media/arbeiten/tophotelprojects-website/index.html]
[herrlich.media/wp-content/uploads/2013/04/goldkinder-titel.jpg]
[herrlich.media/arbeiten/pizza-flitza-karten/index.html]
[herrlich.media/wp-content/uploads/2013/04/brennivin-shop-titel1.jpg]
[herrlich.media/wp-content/uploads/2013/04/ks-jobchannel-titel.jpg]
[herrlich.media/arbeiten/goldkinder-ci/index.html]
[herrlich.media/arbeiten/ks-jobchannel/index.html]
[herrlich.media/arbeiten/page/3/index.html]
[herrlich.media/arbeiten/brennivin-shop/index.html]
[herrlich.media/arbeiten/aiya/GET]
[herrlich.media/wp-json/oembed/1.0/embed1aa2.json]
[herrlich.media/arbeiten/g-i-f-art/index.html]
[herrlich.media/arbeiten/aiya/feed/index.html]
[herrlich.media/wp-json/oembed/1.0/embed72c1]
[herrlich.media/wp-content/uploads/2016/06/startseite-1.jpg]
[herrlich.media/wp-content/uploads/2016/06/historie-1.jpg]
[herrlich.media/wp-content/uploads/2016/06/news-2.jpg]
[herrlich.media/wp-content/uploads/2016/06/rezepte-1.jpg]
[herrlich.media/wp-content/uploads/2016/06/shop-2.jpg]
[herrlich.media/wp-content/uploads/2016/06/shop-detail-1.jpg]
[herrlich.media/wp-content/uploads/2016/06/1-658x415.jpg]
[herrlich.media/wp-content/uploads/2016/06/2-658x415.jpg]
[herrlich.media/wp-content/uploads/2016/06/sorten-1.jpg]
[herrlich.media/arbeiten/aiya/index.html]
[herrlich.media/wp-content/uploads/2016/06/3-658x415.jpg]
[herrlich.media/arbeiten/storchennest/GET]
[herrlich.media/wp-content/uploads/2016/06/4-658x415.jpg]
[herrlich.media/wp-content/uploads/2013/04/gif-art-titel.gif]
[herrlich.media/wp-json/oembed/1.0/embeda77b.json]
[herrlich.media/arbeiten/storchennest/feed/index.html]
[herrlich.media/wp-json/oembed/1.0/embedffe2]
[herrlich.media/wp-content/uploads/2015/10/storchennest-norderneykarte.jpg]
[herrlich.media/wp-content/uploads/2015/10/storchennest-mobile.jpg]
[herrlich.media/wp-content/uploads/2015/10/storchennest-news.jpg]
[herrlich.media/wp-content/uploads/2015/10/storchennest-hover.jpg]
[herrlich.media/wp-content/uploads/2015/10/storchennest-wohnungen.jpg]
[herrlich.media/wp-content/uploads/2015/10/storchennest-norderney-website-658x415.jpg]
[herrlich.media/wp-content/uploads/2015/10/storchennest-norderney-website3-658x415.jpg]
[herrlich.media/arbeiten/storchennest/index.html]
[herrlich.media/wp-content/uploads/2015/10/storchennest-norderney-website2-658x415.jpg]
[herrlich.media/wp-content/uploads/2015/10/storchennest-norderney-website4-658x415.jpg]
[herrlich.media/arbeiten/kissa/GET]
[herrlich.media/wp-json/oembed/1.0/embed8dda.json]
[herrlich.media/arbeiten/kissa/feed/index.html]
[herrlich.media/wp-json/oembed/1.0/embed5766]
[herrlich.media/wp-content/uploads/2015/05/kissa-webshop-referenz-herrlich-media1.jpg]
[herrlich.media/wp-content/uploads/2015/05/kissa-webshop-referenz-herrlich-media0.jpg]
[herrlich.media/wp-content/uploads/2015/05/kissa-webshop-referenz-herrlich-media2.jpg]
[herrlich.media/wp-content/uploads/2015/05/kissa-webshop-referenz-herrlich-media3.jpg]
[herrlich.media/wp-content/uploads/2015/05/kissa-webshop-referenz-herrlich-media4.jpg]
[herrlich.media/wp-content/uploads/2015/05/kissa-webshop-referenz-herrlich-media6.jpg]
[herrlich.media/wp-content/uploads/2015/05/kissa-webshop-referenz-herrlich-media7.jpg]
[herrlich.media/wp-content/uploads/2015/05/kissa-slider-herrlich-media1-658x415.jpg]
[herrlich.media/wp-content/uploads/2015/05/kissa-webshop-referenz-herrlich-media5.jpg]
[herrlich.media/wp-content/uploads/2015/05/kissa-slider-herrlich-media6-658x415.jpg]
[herrlich.media/wp-content/uploads/2015/05/kissa-slider-herrlich-media5-658x415.jpg]
[herrlich.media/wp-content/uploads/2015/05/kissa-slider-herrlich-media2-658x415.jpg]
[herrlich.media/wp-content/uploads/2015/05/kissa-slider-herrlich-media3-658x415.jpg]
[herrlich.media/wp-content/uploads/2015/05/kissa-slider-herrlich-media7-658x415.jpg]
[herrlich.media/arbeiten/kissa/index.html]
[herrlich.media/wp-content/uploads/2015/05/kissa-slider-herrlich-media4-658x415.jpg]
[herrlich.media/arbeiten/hbb/GET.171.delayed]
[herrlich.media/wp-json/oembed/1.0/embedee91.json]
[herrlich.media/arbeiten/hbb/feed/index.html]
[herrlich.media/wp-json/oembed/1.0/embed8839]
[herrlich.media/wp-content/uploads/2015/01/hbb-image-2.jpg]
[herrlich.media/wp-content/uploads/2015/01/hbb-image-3.jpg]
[herrlich.media/wp-content/uploads/2015/01/hbb-responsive.jpg]
[herrlich.media/wp-content/uploads/2015/01/hbb-image-4.jpg]
[herrlich.media/wp-content/uploads/2015/01/hbb-image-6.jpg]
[herrlich.media/wp-content/uploads/2015/01/hbb-slider-1-658x415.jpg]
[herrlich.media/wp-content/uploads/2015/01/hbb-image-5.jpg]
[herrlich.media/wp-content/uploads/2015/01/hbb-slider-3-658x415.jpg]
[herrlich.media/wp-content/uploads/2015/01/hbb-slider-4-658x415.jpg]
[herrlich.media/arbeiten/hbb/index.html]
[herrlich.media/wp-content/uploads/2015/01/hbb-slider-5-658x415.jpg]
[herrlich.media/wp-content/uploads/2015/01/hbb-slider-2-658x415.jpg]
[herrlich.media/arbeiten/bendiks-engineering/GET]
[herrlich.media/wp-json/oembed/1.0/embedd05e.json]
[herrlich.media/wp-content/uploads/2015/01/hbb-slider-6-658x415.jpg]
[herrlich.media/arbeiten/bendiks-engineering/feed/index.html]
[herrlich.media/wp-json/oembed/1.0/embed292a]
[herrlich.media/wp-content/uploads/2014/08/bendiks-startseite.jpg]
[herrlich.media/wp-content/uploads/2014/08/bendiks-about.jpg]
[herrlich.media/wp-content/uploads/2014/08/bendiks-mobile1.jpg]
[herrlich.media/wp-content/uploads/2014/08/bendiks-story.jpg]
[herrlich.media/wp-content/uploads/2014/08/bendiks-team.jpg]
[herrlich.media/wp-content/uploads/2014/08/bendiks-know-how.jpg]
[herrlich.media/wp-content/uploads/2014/08/bendiks-slider5.jpg]
[herrlich.media/wp-content/uploads/2014/08/bendiks-slider1.jpg]
[herrlich.media/wp-content/uploads/2014/08/bendiks-slider2.jpg]
[herrlich.media/arbeiten/bendiks-engineering/index.html]
[herrlich.media/wp-content/uploads/2014/08/bendiks-slider3.jpg]
[herrlich.media/arbeiten/archos-shop/GET]
[herrlich.media/wp-json/oembed/1.0/embed114b.json]
[herrlich.media/arbeiten/archos-shop/feed/index.html]
[herrlich.media/wp-json/oembed/1.0/embed2740]
[herrlich.media/wp-content/uploads/2014/07/archos-titanium-serie.jpg]
[herrlich.media/wp-content/uploads/2014/07/details.jpg]
[herrlich.media/wp-content/uploads/2014/07/smartphone-tablet.jpg]
[herrlich.media/wp-content/uploads/2014/07/helium.jpg]
[herrlich.media/wp-content/uploads/2014/07/aehnliche_produkte.jpg]
[herrlich.media/wp-content/uploads/2014/07/tablets_vergleichen.jpg]
[herrlich.media/wp-content/uploads/2014/07/starter_pack_01.jpg]
[herrlich.media/wp-content/uploads/2014/07/zubehoer.jpg]
[herrlich.media/wp-content/uploads/2014/07/zusatzartikel.jpg]
[herrlich.media/wp-content/uploads/2014/07/kaufen_button.jpg]
[herrlich.media/wp-content/uploads/2014/07/5.jpg]
[herrlich.media/wp-content/uploads/2014/07/6.jpg]
[herrlich.media/wp-content/uploads/2014/07/4.jpg]
[herrlich.media/wp-content/uploads/2014/07/2.jpg]
[herrlich.media/wp-content/uploads/2014/07/3.jpg]
[herrlich.media/arbeiten/archos-shop/index.html]
[herrlich.media/wp-content/uploads/2014/07/1.jpg]
[herrlich.media/arbeiten/reccon/GET]
[herrlich.media/wp-json/oembed/1.0/embedf651.json]
[herrlich.media/arbeiten/reccon/feed/index.html]
[herrlich.media/wp-json/oembed/1.0/embeda201]
[herrlich.media/wp-content/uploads/2014/07/reccon-ipad.jpg]
[herrlich.media/wp-content/uploads/2014/07/reccon-news.jpg]
[herrlich.media/wp-content/uploads/2014/07/reccon-iphone.jpg]
[herrlich.media/wp-content/uploads/2014/07/reccon-slider4.jpg]
[herrlich.media/wp-content/uploads/2014/07/reccon-slider6.jpg]
[herrlich.media/wp-content/uploads/2014/07/reccon-video.jpg]
[herrlich.media/wp-content/uploads/2014/07/reccon-slider2.jpg]
[herrlich.media/arbeiten/reccon/index.html]
[herrlich.media/wp-content/uploads/2014/07/reccon-slider5.jpg]
[herrlich.media/arbeiten/not-for-sale-book-shop/GET]
[herrlich.media/wp-content/uploads/2014/07/reccon-slider3.jpg]
[herrlich.media/wp-json/oembed/1.0/embedae5e.json]
[herrlich.media/arbeiten/not-for-sale-book-shop/feed/index.html]
[herrlich.media/wp-json/oembed/1.0/embed2f5f]
[herrlich.media/wp-content/uploads/2014/07/reccon-slider1.jpg]
[herrlich.media/wp-content/uploads/2014/07/notforsalebook-image3.jpg]
[herrlich.media/wp-content/uploads/2014/07/notforsalebook-image2.jpg]
[herrlich.media/wp-content/uploads/2014/07/notforsalebook-image5.jpg]
[herrlich.media/wp-content/uploads/2014/07/notforsalebook-image4.jpg]
[herrlich.media/wp-content/uploads/2014/07/notforsalebook-slide4.jpg]
[herrlich.media/wp-content/uploads/2014/07/notforsalebook-slide1.jpg]
[herrlich.media/wp-content/uploads/2014/07/notforsalebook-image.jpg]
[herrlich.media/arbeiten/not-for-sale-book-shop/index.html]
[herrlich.media/wp-content/uploads/2014/07/notforsalebook-slide3.jpg]
[herrlich.media/arbeiten/dedon-salone-del-mobile/GET.1d9.delayed]
[herrlich.media/wp-content/uploads/2014/07/notforsalebook-slide5.jpg]
[herrlich.media/wp-json/oembed/1.0/embed28c6.json]
[herrlich.media/arbeiten/dedon-salone-del-mobile/feed/index.html]
[herrlich.media/wp-json/oembed/1.0/embed5d1e]
[herrlich.media/wp-content/uploads/2014/04/dedon-white-jungle-head-the-call1.jpg]
[herrlich.media/wp-content/uploads/2014/04/dedon-white-jungle-referenz1.jpg]
[herrlich.media/wp-content/uploads/2014/04/dedon-white-jungle-referenz3.jpg]
[herrlich.media/wp-content/uploads/2014/04/dedon-white-jungle-referenz2.jpg]
[herrlich.media/wp-content/uploads/2014/04/dedon-white-jungle-referenz5.jpg]
[herrlich.media/wp-content/uploads/2014/07/notforsalebook-slide2.jpg]
[herrlich.media/wp-content/uploads/2014/04/dedon-white-jungle-referenz4.jpg]
[herrlich.media/wp-content/uploads/2014/04/ipad.jpg]
[herrlich.media/wp-content/uploads/2014/04/responsive.jpg]
[herrlich.media/wp-content/uploads/2014/04/dedon-white-jungle-slider2.jpg]
[herrlich.media/wp-content/uploads/2014/04/dedon-white-jungle-slider3.jpg]
[herrlich.media/arbeiten/dedon-salone-del-mobile/index.html]
[herrlich.media/wp-content/uploads/2014/04/dedon-white-jungle-slider4.jpg]
[herrlich.media/wp-content/uploads/2014/04/dedon-white-jungle-slider5.jpg]
[herrlich.media/arbeiten/haus-christine/GET.1f0.delayed]
[herrlich.media/wp-json/oembed/1.0/embed7ec3.json]
[herrlich.media/arbeiten/haus-christine/feed/index.html]
[herrlich.media/wp-json/oembed/1.0/embedd773]
[herrlich.media/wp-content/uploads/2013/12/haus-christine-weather.jpg]
[herrlich.media/wp-content/uploads/2013/12/haus-christine-norderney-titel2.jpg]
[herrlich.media/wp-content/uploads/2013/12/responsive.jpg]
[herrlich.media/wp-content/uploads/2013/12/haus-christine-kalender.jpg]
[herrlich.media/wp-content/uploads/2013/12/haus-christine-uebersicht.jpg]
[herrlich.media/wp-content/uploads/2013/12/haus-christine-map.jpg]
[herrlich.media/wp-content/uploads/2013/12/haus-christine-slider3.jpg]
[herrlich.media/wp-content/uploads/2013/12/haus-christine-news.jpg]
[herrlich.media/wp-content/uploads/2013/12/haus-christine-wohnung.jpg]
[herrlich.media/wp-content/uploads/2013/12/haus-christine-slider2.jpg]
[herrlich.media/wp-content/uploads/2013/12/haus-christine-slider5.jpg]
[herrlich.media/arbeiten/haus-christine/index.html]
[herrlich.media/wp-content/uploads/2013/12/haus-christine-slider4.jpg]
[herrlich.media/wp-content/uploads/2013/12/haus-christine-slider1.jpg]
[herrlich.media/arbeiten/anna-fuchs-webshop/GET]
[herrlich.media/arbeiten/anna-fuchs-webshop/feed/index.html]
[herrlich.media/wp-json/oembed/1.0/embed1111.json]
[herrlich.media/wp-json/oembed/1.0/embed3ac4]
[herrlich.media/wp-content/uploads/2013/11/anna-fuchs-web-titel.jpg]
[herrlich.media/wp-content/uploads/2013/11/anna-fuchs-image4.jpg]
[herrlich.media/wp-content/uploads/2013/11/anna-fuchs-image1.jpg]
[herrlich.media/wp-content/uploads/2013/11/anna-fuchs-image5.jpg]
[herrlich.media/wp-content/uploads/2013/11/anna-fuchs-image6.jpg]
[herrlich.media/wp-content/uploads/2013/11/anna-fuchs-image3.jpg]
[herrlich.media/wp-content/uploads/2013/11/anna-fuchs-image7.jpg]
[herrlich.media/wp-content/uploads/2013/11/anna-fuchs-image2.jpg]
[herrlich.media/wp-content/uploads/2014/04/dedon-white-jungle-slider1.jpg]
[herrlich.media/wp-content/uploads/2013/11/anna-fuchs-image9.jpg]
[herrlich.media/wp-content/uploads/2013/11/anna-fuchs-image8.jpg]
[herrlich.media/wp-content/uploads/2013/11/anna-fuchs-slider2.jpg]
[herrlich.media/wp-content/uploads/2013/11/anna-fuchs-slider4.jpg]
[herrlich.media/wp-content/uploads/2013/11/anna-fuchs-slider1.jpg]
[herrlich.media/wp-content/uploads/2013/11/anna-fuchs-slider6.jpg]
[herrlich.media/wp-content/uploads/2013/11/anna-fuchs-slider3.jpg]
[herrlich.media/wp-content/uploads/2013/11/anna-fuchs-slider7.jpg]
[herrlich.media/wp-content/uploads/2013/11/anna-fuchs-slider9.jpg]
[herrlich.media/wp-content/uploads/2013/11/anna-fuchs-slider10.jpg]
[herrlich.media/arbeiten/anna-fuchs-webshop/index.html]
[herrlich.media/arbeiten/kliemannsland/GET.html]
[herrlich.media/index533f.html]
[herrlich.media/arbeiten/ms-dockville/GET.html]
[herrlich.media/indexbda9.html]
[herrlich.media/arbeiten/rocktbeanstv/GET.html]
[herrlich.media/wp-content/uploads/2013/11/anna-fuchs-slider8.jpg]
[herrlich.media/index4626.html]
[herrlich.media/wp-content/uploads/2013/11/anna-fuchs-slider5.jpg]
[herrlich.media/team/fynn-kliemann/GET]
[herrlich.media/wp-json/oembed/1.0/embedc278.json]
[herrlich.media/team/fynn-kliemann/feed/index.html]
[herrlich.media/wp-json/oembed/1.0/embed8ed7]
[herrlich.media/team/fynn-kliemann/index.html]
[herrlich.media/team.html]
[herrlich.media/arbeiten/lisega/GET.html]
[herrlich.media/autor/admin/index.html]
[herrlich.media/team/florian-bottmann/index.html]
[herrlich.media/index6a33.html]
[herrlich.media/thema/agentur/GET.html]
[herrlich.media/blog.html]
[herrlich.media/thema/GET.html]
[herrlich.media/autor/fynn/GET.html]
[herrlich.media/blog/weiter-spielen/GET.html]
[herrlich.media/index6ccc.html]
[herrlich.media/blog/kostenlose-bilder/GET.html]
[herrlich.media/indexb988.html]
[herrlich.media/blog/2013-herrlicher-rueckblick/GET.html]
[herrlich.media/indexe75f.html]
[herrlich.media/arbeiten/web/index.html]
[herrlich.media/arbeiten/shop/index.html]
[herrlich.media/thema/wordpress/GET.html]
[herrlich.media/blog/remove-read-more-link-wordpress-excerpt/GET.html]
[herrlich.media/index7695.html]
[herrlich.media/wp-content/uploads/2013/12/vorbereitung.jpg]
[herrlich.media/arbeiten/hallo-oma-app/GET.22d.delayed]
[herrlich.media/wp-json/oembed/1.0/embedf73b.json]
[herrlich.media/arbeiten/hallo-oma-app/feed/index.html]
[herrlich.media/wp-json/oembed/1.0/embed3e06]
[herrlich.media/wp-content/uploads/2013/11/anna-fuchs-image10.jpg]
[herrlich.media/wp-content/uploads/2013/09/hallo-oma-app-img0.jpg]
[herrlich.media/wp-content/uploads/2013/09/hallo-oma-app-img1.jpg]
[herrlich.media/wp-content/uploads/2013/09/hallo-oma-app-img2.jpg]
[herrlich.media/arbeiten/hallo-oma-app/index.html]
[herrlich.media/wp-content/uploads/2013/09/hallo-oma-app-slider3.jpg]
[herrlich.media/wp-content/uploads/2013/09/hallo-oma-app-slider1.jpg]
[herrlich.media/wp-content/uploads/2013/09/hallo-oma-app-slider2.jpg]
[herrlich.media/arbeiten/eintrittskarten-mobile/GET.239.delayed]
[herrlich.media/arbeiten/eintrittskarten-mobile/feed/index.html]
[herrlich.media/wp-json/oembed/1.0/embed7323.json]
[herrlich.media/wp-json/oembed/1.0/embedcd81]
[herrlich.media/wp-content/uploads/2013/11/eintrittskarten-kategorien.jpg]
[herrlich.media/wp-content/uploads/2013/11/eintrittskarten-detailseite.jpg]
[herrlich.media/wp-content/uploads/2013/11/eintrittskarten-startseite.jpg]
[herrlich.media/wp-content/uploads/2013/11/eintrittskarten-slide2.jpg]
[herrlich.media/wp-content/uploads/2013/11/eintrittskarten-slide1.jpg]
[herrlich.media/wp-content/uploads/2013/11/eintrittskarten-checkout.jpg]
[herrlich.media/wp-content/uploads/2013/11/eintrittskarten-slide4.jpg]
[herrlich.media/wp-content/uploads/2013/11/eintrittskarten-slide5.jpg]
[herrlich.media/arbeiten/eintrittskarten-mobile/index.html]
[herrlich.media/wp-content/uploads/2013/11/eintrittskarten-slide6.jpg]
[herrlich.media/wp-content/uploads/2013/11/eintrittskarten-slide8.jpg]
[herrlich.media/wp-content/uploads/2013/11/eintrittskarten-slide7.jpg]
[herrlich.media/wp-content/plugins/syntaxhighlighter/syntaxhighlighter2/styles/magnifier.png]
[herrlich.media/wp-content/plugins/syntaxhighlighter/syntaxhighlighter2/styles/page_white_code.png]
[herrlich.media/wp-content/plugins/syntaxhighlighter/syntaxhighlighter2/styles/printer.png]
[herrlich.media/wp-content/plugins/syntaxhighlighter/syntaxhighlighter2/styles/help.png]
[herrlich.media/wp-content/plugins/syntaxhighlighter/syntaxhighlighter2/styles/shCorede8c.css]
[herrlich.media/wp-content/plugins/syntaxhighlighter/syntaxhighlighter2/styles/shThemeDefaultde8c.css]
[herrlich.media/wp-content/plugins/syntaxhighlighter/syntaxhighlighter2/scripts/clipboard.swf]
[herrlich.media/thema/jquery/GET.html]
[herrlich.media/blog/jscrollpane-pane-in-the-ass/GET.html]
[herrlich.media/index570b.html]
[herrlich.media/blog/heiss-fettig-wir-gewinnen-css-awards/GET.html]
[herrlich.media/index59b0.html]
[herrlich.media/thema/redis/GET.html]
[herrlich.media/autor/florian/GET.html]
[herrlich.media/blog/ladezeiten-mit-hilfe-vom-redis-cache-minimieren/GET.html]
[herrlich.media/indexb0e9.html]
[herrlich.media/blog/das-netz-hat-eine-website-mehr/GET.html]
[herrlich.media/index2dce.html]
[herrlich.media/arbeiten.html]
[herrlich.media/arbeiten/page/3/GET.html]
[herrlich.media/arbeiten/page/4/GET]
[herrlich.media/wp-content/uploads/2013/11/eintrittskarten-slide3.jpg]
[herrlich.media/wp-content/uploads/2013/04/targetaround-landingpage-titel-340x386.jpg]
[herrlich.media/arbeiten/page/5/index.html]
[herrlich.media/arbeiten/targetaround-landingpage/index.html]
[herrlich.media/arbeiten/goldkinder-website/index.html]
[herrlich.media/wp-content/uploads/2013/04/ehlen-titel.jpg]
[herrlich.media/arbeiten/moebelwerke-sittensen/index.html]
[herrlich.media/wp-content/uploads/2013/04/moebelwerk-titel.jpg]
[herrlich.media/wp-content/uploads/2013/04/massimo-titelbild-neu-340x397.jpg]
[herrlich.media/arbeiten/retina-test/index.html]
[herrlich.media/wp-content/uploads/2013/04/retina-titel-340x518.jpg]
[herrlich.media/arbeiten/naturmoebelhaus-ehlen/index.html]
[herrlich.media/wp-content/uploads/2013/04/kl-production-titel.jpg]
[herrlich.media/arbeiten/kl-production/index.html]
[herrlich.media/arbeiten/massimo-giordano/index.html]
[herrlich.media/arbeiten/ankerherz-websiteshop/index.html]
[herrlich.media/wp-content/uploads/2013/04/fahjen-titelneu.jpg]
[herrlich.media/wp-content/uploads/2013/04/goldkinder-titel-neu.gif]
[herrlich.media/arbeiten/targetaround/index.html]
[herrlich.media/wp-content/uploads/2013/04/ankerherz-titel-340x725.png]
[herrlich.media/arbeiten/fahjen-website/index.html]
[herrlich.media/wp-content/uploads/2013/04/fahjen-ci-titel.jpg]
[herrlich.media/arbeiten/fahjen-ci/index.html]
[herrlich.media/arbeiten/page/4/index.html]
[herrlich.media/wp-content/uploads/2013/04/show-fashion-titel.jpg]
[herrlich.media/arbeiten/show-fashion/index.html]
[herrlich.media/arbeiten/salon-anna-treue-karten/GET]
[herrlich.media/wp-json/oembed/1.0/embed2232.json]
[herrlich.media/arbeiten/salon-anna-treue-karten/feed/index.html]
[herrlich.media/wp-json/oembed/1.0/embed7481]
[herrlich.media/wp-content/uploads/2013/04/targetaround-titel.gif]
[herrlich.media/wp-content/uploads/2013/04/salon-anna1.jpg]
[herrlich.media/arbeiten/salon-anna-treue-karten/index.html]
[herrlich.media/wp-content/uploads/2013/04/salon-anna2.jpg]
[herrlich.media/arbeiten/norbert-tammen-ci/GET]
[herrlich.media/wp-json/oembed/1.0/embedafeb.json]
[herrlich.media/arbeiten/norbert-tammen-ci/feed/index.html]
[herrlich.media/wp-json/oembed/1.0/embed5568]
[herrlich.media/wp-content/uploads/2013/04/tammen2.jpg]
[herrlich.media/wp-content/uploads/2013/04/tammen3.jpg]
[herrlich.media/arbeiten/norbert-tammen-ci/index.html]
[herrlich.media/wp-content/uploads/2013/04/tammen4.jpg]
[herrlich.media/arbeiten/hoehner-rocking-roncalli-show/GET]
[herrlich.media/wp-json/oembed/1.0/embed8ca4.json]
[herrlich.media/arbeiten/hoehner-rocking-roncalli-show/feed/index.html]
[herrlich.media/wp-json/oembed/1.0/embedc7fe]
[herrlich.media/wp-content/uploads/2013/04/roncalli-hoehner-show2.jpg]
[herrlich.media/wp-content/uploads/2013/04/roncalli-hoehner-show.jpg]
[herrlich.media/wp-content/uploads/2013/04/roncalli-hoehner-show1.jpg]
[herrlich.media/arbeiten/hoehner-rocking-roncalli-show/index.html]
[herrlich.media/arbeiten/abi-2012/GET]
[herrlich.media/wp-content/uploads/2013/04/roncalli-hoehner-show4.jpg]
[herrlich.media/wp-content/uploads/2013/04/roncalli-hoehner-show3.jpg]
[herrlich.media/arbeiten/abi-2012/feed/index.html]
[herrlich.media/wp-json/oembed/1.0/embedb89a.json]
[herrlich.media/wp-json/oembed/1.0/embed1f10]
[herrlich.media/wp-content/uploads/2013/04/abi1.jpg]
[herrlich.media/arbeiten/abi-2012/index.html]
[herrlich.media/arbeiten/tophotelprojects-website/GET]
[herrlich.media/wp-content/uploads/2013/04/abi2.jpg]
[herrlich.media/wp-json/oembed/1.0/embed7785.json]
[herrlich.media/wp-content/uploads/2013/04/abi4.jpg]
[herrlich.media/wp-json/oembed/1.0/embedc6a3]
[herrlich.media/arbeiten/tophotelprojects-website/feed/index.html]
[herrlich.media/wp-content/uploads/2013/04/thp-images.jpg]
[herrlich.media/wp-content/uploads/2013/04/thp-images2.jpg]
[herrlich.media/wp-content/uploads/2013/04/thp-images3.jpg]
[herrlich.media/wp-content/uploads/2013/04/thp-images4.jpg]
[herrlich.media/wp-content/uploads/2013/04/tophotelprojects13.jpg]
[herrlich.media/wp-content/uploads/2013/04/tophotelprojects14.jpg]
[herrlich.media/wp-content/uploads/2013/04/tophotelprojects1.jpg]
[herrlich.media/wp-content/uploads/2013/04/tophotelprojects4.jpg]
[herrlich.media/wp-content/uploads/2013/04/tophotelprojects5.jpg]
[herrlich.media/wp-content/uploads/2013/04/tophotelprojects3.jpg]
[herrlich.media/wp-content/uploads/2013/04/tophotelprojects2.jpg]
[herrlich.media/wp-content/uploads/2013/04/tophotelprojects6.jpg]
[herrlich.media/wp-content/uploads/2013/04/tophotelprojects8.jpg]
[herrlich.media/wp-content/uploads/2013/04/tophotelprojects7.jpg]
[herrlich.media/wp-content/uploads/2013/04/tophotelprojects9.jpg]
[herrlich.media/wp-content/uploads/2013/04/tophotelprojects10.jpg]
[herrlich.media/arbeiten/tophotelprojects-website/index.html]
[herrlich.media/wp-content/uploads/2013/04/tophotelprojects11.jpg]
[herrlich.media/wp-content/uploads/2013/04/tophotelprojects12.jpg]
[herrlich.media/arbeiten/pizza-flitza-karten/GET]
[herrlich.media/wp-json/oembed/1.0/embedbcc6.json]
[herrlich.media/wp-json/oembed/1.0/embedd11c]
[herrlich.media/arbeiten/pizza-flitza-karten/feed/index.html]
[herrlich.media/arbeiten/pizza-flitza-website/index.html]
[herrlich.media/wp-content/uploads/2013/04/pizza-flitza-karte2.jpg]
[herrlich.media/wp-content/uploads/2013/04/pizza-flitza-karte3.jpg]
[herrlich.media/wp-content/uploads/2013/04/pizza-flitza-karte1.jpg]
[herrlich.media/wp-content/uploads/2013/04/395465_346576822027150_1288844686_n.jpg]
[herrlich.media/wp-content/uploads/2013/04/402060_346576762027156_871415809_n.jpg]
[herrlich.media/wp-content/uploads/2013/04/409431_346576745360491_934897719_n.jpg]
[herrlich.media/arbeiten/pizza-flitza-karten/index.html]
[herrlich.media/wp-content/uploads/2013/04/396636_346576705360495_1540884601_n.jpg]
[herrlich.media/wp-content/uploads/2013/04/396753_346576685360497_278660198_n.jpg]
[herrlich.media/arbeiten/goldkinder-ci/GET.2ab.delayed]
[herrlich.media/wp-json/oembed/1.0/embedeb96.json]
[herrlich.media/arbeiten/goldkinder-ci/feed/index.html]
[herrlich.media/wp-json/oembed/1.0/embeda99f]
[herrlich.media/wp-content/uploads/2013/04/goldkinder-anzeigen4.jpg]
[herrlich.media/wp-content/uploads/2013/04/goldkinder-anzeigen3.jpg]
[herrlich.media/wp-content/uploads/2013/04/goldkinder-anzeigen1.jpg]
[herrlich.media/wp-content/uploads/2013/04/goldkinder-anzeigen2.jpg]
[herrlich.media/wp-content/uploads/2013/04/goldkinder-anzeigen5.jpg]
[herrlich.media/wp-content/uploads/2013/04/430346_375665552451610_1886032254_n.jpg]
[herrlich.media/wp-content/uploads/2013/04/428748_375664812451684_1867113128_n.jpg]
[herrlich.media/wp-content/uploads/2013/04/416816_375664782451687_1333907275_n.jpg]
[herrlich.media/wp-content/uploads/2013/04/425752_375664725785026_382489976_n.jpg]
[herrlich.media/wp-content/uploads/2013/04/427736_375664752451690_38327968_n.jpg]
[herrlich.media/wp-content/uploads/2013/04/420939_375315735819925_119287879_n.jpg]
[herrlich.media/wp-content/uploads/2013/04/64748_375665539118278_389165532_n.jpg]
[herrlich.media/wp-content/uploads/2013/04/420944_375315235819975_354107550_n.jpg]
[herrlich.media/wp-content/uploads/2013/04/420848_375315619153270_216842500_n.jpg]
[herrlich.media/wp-content/uploads/2013/04/428702_375315045819994_448691194_n.jpg]
[herrlich.media/wp-content/uploads/2013/04/430037_375314955820003_1523942311_n.jpg]
[herrlich.media/wp-content/uploads/2013/04/432012_375314995819999_635666842_n.jpg]
[herrlich.media/arbeiten/goldkinder-ci/index.html]
[herrlich.media/arbeiten/brennivin-shop/GET]
[herrlich.media/wp-content/uploads/2013/04/134331_577269835624513_411891548_o.jpg]
[herrlich.media/wp-json/oembed/1.0/embed178e.json]
[herrlich.media/arbeiten/brennivin-shop/feed/index.html]
[herrlich.media/wp-json/oembed/1.0/embed7f07]
[herrlich.media/wp-content/uploads/2013/04/885259_577269865624510_1777687370_o.jpg]
[herrlich.media/wp-content/uploads/2013/04/brennivin-image1.jpg]
[herrlich.media/wp-content/uploads/2013/04/brennivin-image2.jpg]
[herrlich.media/wp-content/uploads/2013/04/brennivin-image3.jpg]
[herrlich.media/wp-content/uploads/2013/04/brennivin1.jpg]
[herrlich.media/wp-content/uploads/2013/04/brennivin7.jpg]
[herrlich.media/wp-content/uploads/2013/04/brennivin6.jpg]
[herrlich.media/wp-content/uploads/2013/04/brennivin2.jpg]
[herrlich.media/wp-content/uploads/2013/04/brennivin5.jpg]
[herrlich.media/wp-content/uploads/2013/04/brennivin3.jpg]
[herrlich.media/wp-content/uploads/2013/04/brennivin4.jpg]
[herrlich.media/arbeiten/brennivin-shop/index.html]
[herrlich.media/wp-content/uploads/2013/04/brennivin8.jpg]
[herrlich.media/wp-content/uploads/2013/04/brennivin9.jpg]
[herrlich.media/arbeiten/ks-jobchannel/GET]
[herrlich.media/wp-json/oembed/1.0/embed8c0c.json]
[herrlich.media/arbeiten/ks-jobchannel/feed/index.html]
[herrlich.media/wp-json/oembed/1.0/embed6744]
[herrlich.media/wp-content/uploads/2013/04/brennivin-image0.jpg]
[herrlich.media/wp-content/uploads/2013/04/ks-jobchannel-image.jpg]
[herrlich.media/wp-content/uploads/2013/04/ks-jobchannel-image3.jpg]
[herrlich.media/wp-content/uploads/2013/04/ks-jobchannel-image5.jpg]
[herrlich.media/wp-content/uploads/2013/04/ks-jobchannel-image4.jpg]
[herrlich.media/wp-content/uploads/2013/04/ks-jobchannel1.jpg]
[herrlich.media/wp-content/uploads/2013/04/ks-jobchannel4.jpg]
[herrlich.media/wp-content/uploads/2013/04/ks-jobchannel9.jpg]
[herrlich.media/wp-content/uploads/2013/04/ks-jobchannel6.jpg]
[herrlich.media/wp-content/uploads/2013/04/ks-jobchannel2.jpg]
[herrlich.media/wp-content/uploads/2013/04/ks-jobchannel7.jpg]
[herrlich.media/wp-content/uploads/2013/04/ks-jobchannel3.jpg]
[herrlich.media/arbeiten/ks-jobchannel/index.html]
[herrlich.media/wp-content/uploads/2013/04/ks-jobchannel8.jpg]
[herrlich.media/wp-content/uploads/2013/04/ks-jobchannel-image2.jpg]
[herrlich.media/wp-content/uploads/2013/04/ks-jobchannel5.jpg]
[herrlich.media/arbeiten/g-i-f-art/GET]
[herrlich.media/wp-json/oembed/1.0/embed309d.json]
[herrlich.media/arbeiten/g-i-f-art/feed/index.html]
[herrlich.media/wp-json/oembed/1.0/embed26c4]
[herrlich.media/wp-content/uploads/2013/04/tumblr_mb9x20F16h1qzw1qyo1_500.gif]
[herrlich.media/wp-content/uploads/2013/04/tumblr_mkp3zxlWtK1qc0s10o1_r2_500.gif]
[herrlich.media/wp-content/uploads/2013/04/gifart4.jpg]
[herrlich.media/wp-content/uploads/2013/04/gifart1.jpg]
[herrlich.media/wp-content/uploads/2013/04/tumblr_mkhss2Tpqv1qc0s10o1_500.gif]
[herrlich.media/arbeiten/g-i-f-art/index.html]
[herrlich.media/arbeiten/aiya/GET.html]
[herrlich.media/index7c58.html]
[herrlich.media/arbeiten/storchennest/GET.html]
[herrlich.media/index44d6.html]
[herrlich.media/arbeiten/kissa/GET.html]
[herrlich.media/index1a80.html]
[herrlich.media/arbeiten/hbb/GET.html]
[herrlich.media/index26e4.html]
[herrlich.media/arbeiten/hbb/ http_/www.hbb.de/projekte/index.html]
[herrlich.media/arbeiten/bendiks-engineering/GET.html]
[herrlich.media/index9f53.html]
[herrlich.media/arbeiten/archos-shop/GET.html]
[herrlich.media/indexf53c.html]
[herrlich.media/arbeiten/reccon/GET.html]
[herrlich.media/indexb823.html]
[herrlich.media/arbeiten/not-for-sale-book-shop/GET.html]
[herrlich.media/indexb8d9.html]
[herrlich.media/arbeiten/dedon-salone-del-mobile/GET.html]
[herrlich.media/index83ef.html]
[herrlich.media/arbeiten/haus-christine/GET.html]
[herrlich.media/index164e.html]
[herrlich.media/arbeiten/anna-fuchs-webshop/GET.html]
[herrlich.media/indexe6eb.html]
[herrlich.media/team/fynn-kliemann/GET.html]
[herrlich.media/indexd8eb.html]
[herrlich.media/team.html]
[herrlich.media/wp-content/uploads/2013/04/gifart3.jpg]
[herrlich.media/wp-content/uploads/2013/04/gifart2.jpg]
[herrlich.media/wp-content/uploads/2013/04/tumblr_mhfnseoKND1rfp0s4o1_500.gif]
[herrlich.media/team/florian-bottmann/GET.30d.delayed]
[herrlich.media/wp-json/oembed/1.0/embedd5db.json]
[herrlich.media/team/florian-bottmann/feed/index.html]
[herrlich.media/wp-json/oembed/1.0/embed499d]
[herrlich.media/team/florian-bottmann/index.html]
[herrlich.media/autor/admin/GET]
[herrlich.media/team/arne/index.html]
[herrlich.media/autor/admin/index.html]
[herrlich.media/arbeiten/hallo-oma-app/GET.html]
[herrlich.media/autor/admin/page/2/index.html]
[herrlich.media/indexc7c9.html]
[herrlich.media/autor/admin/feed/index.html]
[herrlich.media/arbeiten/agantty-projektmanagement-tool/index.html]
[herrlich.media/arbeiten/eintrittskarten-mobile/GET.html]
[herrlich.media/arbeiten/gruenberg-gewuerzmanufaktur/index.html]
[herrlich.media/arbeiten/lucente-lichtplanung/index.html]
[herrlich.media/index174b.html]
[herrlich.media/wp-content/uploads/2016/11/agantty-projektmanagement-tool-technik.jpg]
[herrlich.media/arbeiten/rocon/index.html]
[herrlich.media/arbeiten/page/4/GET.html]
[herrlich.media/arbeiten/buero-3e/index.html]
[herrlich.media/arbeiten/montagebau-hansa/index.html]
[herrlich.media/team/lea-melcher/index.html]
[herrlich.media/arbeiten/germanfinance-group/index.html]
[herrlich.media/arbeiten/page/5/GET]
[herrlich.media/arbeiten/page/6/index.html]
[herrlich.media/arbeiten/refe-rent/index.html]
[herrlich.media/wp-content/uploads/2013/04/pizza-flitza-titel-neu-340x276.jpg]
[herrlich.media/wp-content/uploads/2013/04/human-care-titel-340x336.jpg]
[herrlich.media/arbeiten/human-care/index.html]
[herrlich.media/wp-content/uploads/2013/04/gerken-ci-titel-340x408.jpg]
[herrlich.media/wp-content/uploads/2013/04/title-img-340x231.jpg]
[herrlich.media/arbeiten/autoagentur-gerken-ci/index.html]
[herrlich.media/wp-content/uploads/2013/04/automobilagentur-gerken-titel-340x457.jpg]
[herrlich.media/arbeiten/autoagentur-gerken/index.html]
[herrlich.media/wp-content/uploads/2013/04/refe-rent-titelbild-neu.gif]
[herrlich.media/arbeiten/artyvects-facebook-gewinnspiel/index.html]
[herrlich.media/wp-content/uploads/2013/04/wallet-titel-340x680.jpg]
[herrlich.media/wp-content/uploads/2013/04/artyvects-CI-Titel.jpg]
[herrlich.media/arbeiten/artyvects-ci/index.html]
[herrlich.media/wp-content/uploads/2013/04/artyvects-titel-340x671.jpg]
[herrlich.media/wp-content/uploads/2013/04/dry-aged-beefsteak-titel-340x467.jpg]
[herrlich.media/wp-content/uploads/2013/02/bargfrede-sportstravel-340x285.jpg]
[herrlich.media/arbeiten/artyvects-onlineshop/index.html]
[herrlich.media/arbeiten/dry-aged-beef/index.html]
[herrlich.media/arbeiten/artyvects-wallets/index.html]
[herrlich.media/arbeiten/page/5/index.html]
[herrlich.media/arbeiten/bargfrede-sportstravel/index.html]
[herrlich.media/wp-content/uploads/2013/04/sport-bargfrede-titel1.jpg]
[herrlich.media/arbeiten/targetaround-landingpage/GET]
[herrlich.media/wp-json/oembed/1.0/embed2985.json]
[herrlich.media/arbeiten/targetaround-landingpage/feed/index.html]
[herrlich.media/arbeiten/sport-bargfrede/index.html]
[herrlich.media/wp-json/oembed/1.0/embede88f]
[herrlich.media/wp-content/uploads/2013/04/targetaround-landingpage7.jpg]
[herrlich.media/wp-content/uploads/2013/04/targetaround-landingpage-titel.jpg]
[herrlich.media/wp-content/uploads/2013/04/targetaround-landingpage8.jpg]
[herrlich.media/wp-content/uploads/2013/04/targetaround-landingpage5.jpg]
[herrlich.media/wp-content/uploads/2013/04/targetaround-landingpage4.jpg]
[herrlich.media/wp-content/uploads/2013/04/targetaround-landingpage3.jpg]
[herrlich.media/wp-content/uploads/2013/04/targetaround-landingpage2.jpg]
[herrlich.media/arbeiten/targetaround-landingpage/index.html]
[herrlich.media/wp-content/uploads/2013/04/targetaround-landingpage1.jpg]
[herrlich.media/wp-content/uploads/2013/04/targetaround-landingpage6.jpg]
[herrlich.media/arbeiten/goldkinder-website/GET]
[herrlich.media/arbeiten/goldkinder-website/feed/index.html]
[herrlich.media/wp-json/oembed/1.0/embed0af5.json]
[herrlich.media/wp-json/oembed/1.0/embeddfad]
[herrlich.media/wp-content/uploads/2013/04/goldkinder-image3.jpg]
[herrlich.media/wp-content/uploads/2013/04/goldkinder-image2.jpg]
[herrlich.media/wp-content/uploads/2013/04/goldkinder-slide2.jpg]
[herrlich.media/wp-content/uploads/2013/04/goldkinder-image1.jpg]
[herrlich.media/wp-content/uploads/2013/04/goldkinder-slide1.jpg]
[herrlich.media/wp-content/uploads/2013/04/goldkinder-slide3.jpg]
[herrlich.media/arbeiten/goldkinder-website/index.html]
[herrlich.media/wp-content/uploads/2013/04/goldkinder-slide6.jpg]
[herrlich.media/wp-content/uploads/2013/04/goldkinder-slide5.jpg]
[herrlich.media/arbeiten/moebelwerke-sittensen/GET]
[herrlich.media/wp-content/uploads/2013/04/goldkinder-slide4.jpg]
[herrlich.media/arbeiten/moebelwerke-sittensen/feed/index.html]
[herrlich.media/wp-json/oembed/1.0/embed0a01.json]
[herrlich.media/wp-json/oembed/1.0/embeddebf]
[herrlich.media/wp-content/uploads/2013/04/moebelwerke1.jpg]
[herrlich.media/wp-content/uploads/2013/04/moebelwerk-image1.jpg]
[herrlich.media/wp-content/uploads/2013/04/moebelwerk-image.jpg]
[herrlich.media/wp-content/uploads/2013/04/moebelwerke2.jpg]
[herrlich.media/wp-content/uploads/2013/04/moebelwerke3.jpg]
[herrlich.media/wp-content/uploads/2013/04/moebelwerke4.jpg]
[herrlich.media/arbeiten/moebelwerke-sittensen/index.html]
[herrlich.media/wp-content/uploads/2013/04/moebelwerke6.jpg]
[herrlich.media/arbeiten/naturmoebelhaus-ehlen/GET]
[herrlich.media/wp-content/uploads/2013/04/moebelwerke5.jpg]
[herrlich.media/wp-json/oembed/1.0/embedd30a.json]
[herrlich.media/arbeiten/naturmoebelhaus-ehlen/feed/index.html]
[herrlich.media/wp-json/oembed/1.0/embedfa47]
[herrlich.media/wp-content/uploads/2013/04/ehlen-image.jpg]
[herrlich.media/wp-content/uploads/2013/04/naturmoebelhaus-ehlen6.jpg]
[herrlich.media/wp-content/uploads/2013/04/naturmoebelhaus-ehlen2.jpg]
[herrlich.media/wp-content/uploads/2013/04/naturmoebelhaus-ehlen1.jpg]
[herrlich.media/wp-content/uploads/2013/04/naturmoebelhaus-ehlen5.jpg]
[herrlich.media/arbeiten/naturmoebelhaus-ehlen/index.html]
[herrlich.media/wp-content/uploads/2013/04/naturmoebelhaus-ehlen3.jpg]
[herrlich.media/wp-content/uploads/2013/04/naturmoebelhaus-ehlen4.jpg]
[herrlich.media/arbeiten/retina-test/GET]
[herrlich.media/wp-json/oembed/1.0/embed0690.json]
[herrlich.media/arbeiten/retina-test/feed/index.html]
[herrlich.media/wp-json/oembed/1.0/embed1e70]
[herrlich.media/wp-content/uploads/2013/04/retina-titel.jpg]
[herrlich.media/wp-content/uploads/2013/04/image-retina-image2.jpg]
[herrlich.media/wp-content/uploads/2013/04/image-retina-image1.jpg]
[herrlich.media/wp-content/uploads/2013/04/retina-test2.jpg]
[herrlich.media/wp-content/uploads/2013/04/retina-test6.jpg]
[herrlich.media/wp-content/uploads/2013/04/retina-test1.jpg]
[herrlich.media/wp-content/uploads/2013/04/retina-test5.jpg]
[herrlich.media/arbeiten/retina-test/index.html]
[herrlich.media/wp-content/uploads/2013/04/retina-test4.jpg]
[herrlich.media/arbeiten/massimo-giordano/GET]
[herrlich.media/wp-content/uploads/2013/04/retina-test3.jpg]
[herrlich.media/wp-json/oembed/1.0/embed6b61.json]
[herrlich.media/arbeiten/massimo-giordano/feed/index.html]
[herrlich.media/wp-json/oembed/1.0/embed7ff0]
[herrlich.media/wp-content/uploads/2013/04/massimo-titelbild-neu.jpg]
[herrlich.media/wp-content/uploads/2013/04/massimo-giordano-image2.jpg]
[herrlich.media/wp-content/uploads/2013/04/massimo-giordano-images1.jpg]
[herrlich.media/wp-content/uploads/2013/04/massimo-giordano-image3.jpg]
[herrlich.media/wp-content/uploads/2013/04/massimo-giordano-image4.jpg]
[herrlich.media/wp-content/uploads/2013/04/massimo-giordano-image5.jpg]
[herrlich.media/wp-content/uploads/2013/04/massimo-giordano8.jpg]
[herrlich.media/wp-content/uploads/2013/04/massimo-giordano5.jpg]
[herrlich.media/wp-content/uploads/2013/04/massimo-giordano3.jpg]
[herrlich.media/wp-content/uploads/2013/04/massimo-giordano1.jpg]
[herrlich.media/wp-content/uploads/2013/04/massimo-giordano4.jpg]
[herrlich.media/wp-content/uploads/2013/04/massimo-giordano2.jpg]
[herrlich.media/arbeiten/massimo-giordano/index.html]
[herrlich.media/wp-content/uploads/2013/04/massimo-giordano7.jpg]
[herrlich.media/wp-content/uploads/2013/04/massimo-giordano6.jpg]
[herrlich.media/arbeiten/kl-production/GET]
[herrlich.media/wp-json/oembed/1.0/embed1265.json]
[herrlich.media/arbeiten/kl-production/feed/index.html]
[herrlich.media/wp-json/oembed/1.0/embed85bb]
[herrlich.media/wp-content/uploads/2013/04/klproduction-images.jpg]
[herrlich.media/wp-content/uploads/2013/04/klproduction-images2.jpg]
[herrlich.media/wp-content/uploads/2013/04/klproduction.jpg]
[herrlich.media/wp-content/uploads/2013/04/klproduction2.jpg]
[herrlich.media/wp-content/uploads/2013/04/klproduction1.jpg]
[herrlich.media/wp-content/uploads/2013/04/klproduction3.jpg]
[herrlich.media/arbeiten/kl-production/index.html]
[herrlich.media/wp-content/uploads/2013/04/klproduction4.jpg]
[herrlich.media/arbeiten/ankerherz-websiteshop/GET]
[herrlich.media/wp-json/oembed/1.0/embed0548.json]
[herrlich.media/arbeiten/ankerherz-websiteshop/feed/index.html]
[herrlich.media/wp-json/oembed/1.0/embedec36]
[herrlich.media/wp-content/uploads/2013/04/ankerherz-image1.jpg]
[herrlich.media/wp-content/uploads/2013/04/ankerherz-image2.jpg]
[herrlich.media/wp-content/uploads/2013/04/ankerherz-titel.png]
[herrlich.media/wp-content/uploads/2013/04/ankerherz-image3.jpg]
[herrlich.media/wp-content/uploads/2013/04/ankerherz-image4.jpg]
[herrlich.media/wp-content/uploads/2013/04/ankerherz-image5.jpg]
[herrlich.media/wp-content/uploads/2013/04/ankerherz-image6.jpg]
[herrlich.media/wp-content/uploads/2013/04/ankerherz0.jpg]
[herrlich.media/wp-content/uploads/2013/04/ankerherz3.jpg]
[herrlich.media/wp-content/uploads/2013/04/ankerherz1.jpg]
[herrlich.media/wp-content/uploads/2013/04/ankerherz2.jpg]
[herrlich.media/wp-content/uploads/2013/04/ankerherz8.jpg]
[herrlich.media/wp-content/uploads/2013/04/ankerherz4.jpg]
[herrlich.media/wp-content/uploads/2013/04/ankerherz9.jpg]
[herrlich.media/wp-content/uploads/2013/04/ankerherz5.jpg]
[herrlich.media/arbeiten/ankerherz-websiteshop/index.html]
[herrlich.media/wp-content/uploads/2013/04/ankerherz6.jpg]
[herrlich.media/wp-content/uploads/2013/04/ankerherz10.jpg]
[herrlich.media/arbeiten/targetaround/GET]
[herrlich.media/arbeiten/targetaround/feed/index.html]
[herrlich.media/wp-content/uploads/2013/04/ankerherz7.jpg]
[herrlich.media/wp-json/oembed/1.0/embed057c.json]
[herrlich.media/wp-json/oembed/1.0/embed37a6]
[herrlich.media/wp-content/uploads/2013/04/target-around41.jpg]
[herrlich.media/wp-content/uploads/2013/04/target-around51.jpg]
[herrlich.media/wp-content/uploads/2013/04/target-around22.jpg]
[herrlich.media/wp-content/uploads/2013/04/target-around11.jpg]
[herrlich.media/wp-content/uploads/2013/04/target-around10.jpg]
[herrlich.media/wp-content/uploads/2013/04/target-around31.jpg]
[herrlich.media/wp-content/uploads/2013/04/target-around9.jpg]
[herrlich.media/wp-content/uploads/2013/04/target-around5.jpg]
[herrlich.media/wp-content/uploads/2013/04/target-around2.jpg]
[herrlich.media/wp-content/uploads/2013/04/target-around8.jpg]
[herrlich.media/wp-content/uploads/2013/04/target-around1.jpg]
[herrlich.media/wp-content/uploads/2013/04/target-around6.jpg]
[herrlich.media/wp-content/uploads/2013/04/target-around7.jpg]
[herrlich.media/arbeiten/targetaround/index.html]
[herrlich.media/wp-content/uploads/2013/04/target-around3.jpg]
[herrlich.media/arbeiten/fahjen-website/GET]
[herrlich.media/wp-json/oembed/1.0/embedf14d.json]
[herrlich.media/arbeiten/fahjen-website/feed/index.html]
[herrlich.media/wp-json/oembed/1.0/embed25d8]
[herrlich.media/wp-content/uploads/2013/04/fahjen1.jpg]
[herrlich.media/wp-content/uploads/2013/04/fahjen3.jpg]
[herrlich.media/arbeiten/fahjen-website/index.html]
[herrlich.media/wp-content/uploads/2013/04/fahjen2.jpg]
[herrlich.media/wp-content/uploads/2013/04/fahjen4.jpg]
[herrlich.media/arbeiten/fahjen-ci/GET]
[herrlich.media/wp-json/oembed/1.0/embed5d58.json]
[herrlich.media/arbeiten/fahjen-ci/feed/index.html]
[herrlich.media/wp-json/oembed/1.0/embed1ff2]
[herrlich.media/wp-content/uploads/2013/04/fahjen-logo.jpg]
[herrlich.media/wp-content/uploads/2013/04/fahjen-vk.jpg]
[herrlich.media/wp-content/uploads/2013/04/fahjen-bp.jpg]
[herrlich.media/arbeiten/fahjen-ci/index.html]
[herrlich.media/wp-content/uploads/2013/04/fahjen-anzeige.jpg]
[herrlich.media/arbeiten/show-fashion/GET]
[herrlich.media/wp-json/oembed/1.0/embed3f82.json]
[herrlich.media/arbeiten/show-fashion/feed/index.html]
[herrlich.media/wp-json/oembed/1.0/embed75ee]
[herrlich.media/wp-content/uploads/2013/04/maria-schuhsammlung.jpg]
[herrlich.media/wp-content/uploads/2013/04/maria-mulder-treppenaufgang.jpg]
[herrlich.media/wp-content/uploads/2013/04/show-fashion1.jpg]
[herrlich.media/wp-content/uploads/2013/04/show-fashion2.jpg]
[herrlich.media/arbeiten/show-fashion/index.html]
[herrlich.media/arbeiten/salon-anna-treue-karten/GET.html]
[herrlich.media/indexd589.html]
[herrlich.media/arbeiten/norbert-tammen-ci/GET.html]
[herrlich.media/index1bd8.html]
[herrlich.media/arbeiten/hoehner-rocking-roncalli-show/GET.html]
[herrlich.media/indexdf2a.html]
[herrlich.media/arbeiten/abi-2012/GET.html]
[herrlich.media/index50b4.html]
[herrlich.media/arbeiten/tophotelprojects-website/GET.html]
[herrlich.media/index3c3e.html]
[herrlich.media/arbeiten/pizza-flitza-karten/GET.html]
[herrlich.media/index974f.html]
[herrlich.media/wp-content/uploads/2013/04/show-fashion4.jpg]
[herrlich.media/arbeiten/pizza-flitza-website/GET]
[herrlich.media/wp-content/uploads/2013/04/show-fashion3.jpg]
[herrlich.media/wp-json/oembed/1.0/embed9169.json]
[herrlich.media/arbeiten/pizza-flitza-website/feed/index.html]
[herrlich.media/wp-json/oembed/1.0/embed5f98]
[herrlich.media/wp-content/uploads/2013/04/pizza-flitza-titel-neu.jpg]
[herrlich.media/wp-content/uploads/2013/04/pizza-flitza-startseite.jpg]
[herrlich.media/wp-content/uploads/2013/04/pizza-flitza-ipad.jpg]
[herrlich.media/wp-content/uploads/2013/04/pizza-flitza-iphone.jpg]
[herrlich.media/wp-content/uploads/2013/04/pizza-flitza5.jpg]
[herrlich.media/arbeiten/pizza-flitza-website/index.html]
[herrlich.media/arbeiten/goldkinder-ci/GET.html]
[herrlich.media/index8eb0.html]
[herrlich.media/arbeiten/brennivin-shop/GET.html]
[herrlich.media/index461a.html]
[herrlich.media/arbeiten/ks-jobchannel/GET.html]
[herrlich.media/index89f6.html]
[herrlich.media/arbeiten/g-i-f-art/GET.html]
[herrlich.media/index89d2.html]
[herrlich.media/team/florian-bottmann/GET.html]
[herrlich.media/index2cce.html]
[herrlich.media/wp-content/uploads/2013/04/pizza-flitza2.jpg]
[herrlich.media/wp-content/uploads/2013/04/pizza-flitza.jpg]
[herrlich.media/wp-content/uploads/2013/04/pizza-flitza1.jpg]
[herrlich.media/team/arne/GET.3de.delayed]
[herrlich.media/wp-json/oembed/1.0/embedb13b.json]
[herrlich.media/team/arne/feed/index.html]
[herrlich.media/wp-json/oembed/1.0/embedda82]
[herrlich.media/team/arne/index.html]
[herrlich.media/autor/admin/GET.html]
[herrlich.media/autor/admin/page/2/GET]
[herrlich.media/autor/mona/index.html]
[herrlich.media/autor/admin/page/3/index.html]
[herrlich.media/arbeiten/hanse-escrow/index.html]
[herrlich.media/thema/avides/index.html]
[herrlich.media/thema/reccon/index.html]
[herrlich.media/autor/admin/page/2/index.html]
[herrlich.media/arbeiten/avides-better-trade/index.html]
[herrlich.media/arbeiten/lucente-lichtplanung/GET]
[herrlich.media/thema/dedon/index.html]
[herrlich.media/wp-json/oembed/1.0/embed2843.json]
[herrlich.media/wp-json/oembed/1.0/embeda83a]
[herrlich.media/arbeiten/lucente-lichtplanung/index.html]
[herrlich.media/arbeiten/gruenberg-gewuerzmanufaktur/GET]
[herrlich.media/wp-json/oembed/1.0/embeded1a.json]
[herrlich.media/wp-json/oembed/1.0/embed1328]
[herrlich.media/arbeiten/gruenberg-gewuerzmanufaktur/index.html]
[herrlich.media/arbeiten/agantty-projektmanagement-tool/GET]
[herrlich.media/wp-json/oembed/1.0/embed829f.json]
[herrlich.media/arbeiten/agantty-projektmanagement-tool/feed/index.html]
[herrlich.media/wp-json/oembed/1.0/embedc9d3]
[herrlich.media/arbeiten/agantty-projektmanagement-tool/index.html]
[herrlich.media/arbeiten/rocon/GET]
[herrlich.media/wp-json/oembed/1.0/embed2645.json]
[herrlich.media/wp-json/oembed/1.0/embed293a]
[herrlich.media/arbeiten/rocon/index.html]
[herrlich.media/arbeiten/montagebau-hansa/GET]
[herrlich.media/wp-json/oembed/1.0/embed3fc2.json]
[herrlich.media/wp-json/oembed/1.0/embedbd49]
[herrlich.media/arbeiten/montagebau-hansa/index.html]
[herrlich.media/arbeiten/buero-3e/GET]
[herrlich.media/wp-json/oembed/1.0/embed487f.json]
[herrlich.media/wp-json/oembed/1.0/embede886]
[herrlich.media/arbeiten/buero-3e/index.html]
[herrlich.media/arbeiten/germanfinance-group/GET]
[herrlich.media/wp-json/oembed/1.0/embed4123.json]
[herrlich.media/wp-json/oembed/1.0/embed5e1e]
[herrlich.media/arbeiten/germanfinance-group/index.html]
[herrlich.media/team/lea-melcher/GET]
[herrlich.media/wp-json/oembed/1.0/embed96ab.json]
[herrlich.media/team/lea-melcher/feed/index.html]
[herrlich.media/wp-json/oembed/1.0/embed1aaf]
[herrlich.media/team/lea-melcher/index.html]
[herrlich.media/arbeiten/page/5/GET.html]
[herrlich.media/team/luke/index.html]
[herrlich.media/arbeiten/page/6/GET]
[herrlich.media/arbeiten/page/6/index.html]
[herrlich.media/wp-content/uploads/2013/04/gesundheitspraxis-lebenswege-titel-neu.jpg]
[herrlich.media/arbeiten/gesundheitspraxis-lebenswege/index.html]
[herrlich.media/arbeiten/refe-rent/GET.3ff.delayed]
[herrlich.media/wp-json/oembed/1.0/embed700f.json]
[herrlich.media/arbeiten/refe-rent/feed/index.html]
[herrlich.media/wp-json/oembed/1.0/embed17fb]
[herrlich.media/wp-content/uploads/2013/04/referent0.jpg]
[herrlich.media/wp-content/uploads/2013/04/referent2.jpg]
[herrlich.media/wp-content/uploads/2013/04/referent1.jpg]
[herrlich.media/wp-content/uploads/2013/04/referent4.jpg]
[herrlich.media/wp-content/uploads/2013/04/referent5.jpg]
[herrlich.media/wp-content/uploads/2013/04/referent7.jpg]
[herrlich.media/wp-content/uploads/2013/04/referent8.jpg]
[herrlich.media/wp-content/uploads/2013/04/referent10.jpg]
[herrlich.media/wp-content/uploads/2013/04/referent9.jpg]
[herrlich.media/wp-content/uploads/2013/04/referent11.jpg]
[herrlich.media/wp-content/uploads/2013/04/referent3.jpg]
[herrlich.media/arbeiten/refe-rent/index.html]
[herrlich.media/wp-content/uploads/2013/04/referent12.jpg]
[herrlich.media/wp-content/uploads/2013/04/referent6.jpg]
[herrlich.media/wp-content/uploads/2013/04/referent13.jpg]
[herrlich.media/arbeiten/human-care/GET.410.delayed]
[herrlich.media/wp-json/oembed/1.0/embed57e1.json]
[herrlich.media/arbeiten/human-care/feed/index.html]
[herrlich.media/wp-json/oembed/1.0/embedd44f]
[herrlich.media/wp-content/uploads/2013/04/human-care-titel.jpg]
[herrlich.media/wp-content/uploads/2013/04/human-care1.jpg]
[herrlich.media/wp-content/uploads/2013/04/human-care3.jpg]
[herrlich.media/arbeiten/human-care/index.html]
[herrlich.media/wp-content/uploads/2013/04/human-care4.jpg]
[herrlich.media/wp-content/uploads/2013/04/human-care2.jpg]
[herrlich.media/arbeiten/autoagentur-gerken-ci/GET]
[herrlich.media/arbeiten/autoagentur-gerken-ci/feed/index.html]
[herrlich.media/wp-json/oembed/1.0/embed0f24.json]
[herrlich.media/wp-json/oembed/1.0/embed4056]
[herrlich.media/wp-content/uploads/2013/04/gerken-ci-titel.jpg]
[herrlich.media/wp-content/uploads/2013/04/gerken-logo.jpg]
[herrlich.media/wp-content/uploads/2013/04/gerken-vk.jpg]
[herrlich.media/arbeiten/autoagentur-gerken-ci/index.html]
[herrlich.media/wp-content/uploads/2013/04/human-care5.jpg]
[herrlich.media/wp-content/uploads/2013/04/bilder-bp.jpg]
[herrlich.media/arbeiten/autoagentur-gerken/GET]
[herrlich.media/wp-json/oembed/1.0/embed4dac.json]
[herrlich.media/arbeiten/autoagentur-gerken/feed/index.html]
[herrlich.media/wp-json/oembed/1.0/embedce5c]
[herrlich.media/wp-content/uploads/2013/04/automobilagentur-gerken-titel.jpg]
[herrlich.media/wp-content/uploads/2013/04/autoagentur-gerken1.jpg]
[herrlich.media/wp-content/uploads/2013/04/autoagentur-gerken3.jpg]
[herrlich.media/wp-content/uploads/2013/04/autoagentur-gerken2.jpg]
[herrlich.media/arbeiten/autoagentur-gerken/index.html]
[herrlich.media/wp-content/uploads/2013/04/autoagentur-gerken4.jpg]
[herrlich.media/wp-content/uploads/2013/04/autoagentur-gerken6.jpg]
[herrlich.media/arbeiten/artyvects-facebook-gewinnspiel/GET]
[herrlich.media/wp-content/uploads/2013/04/autoagentur-gerken7.jpg]
[herrlich.media/arbeiten/artyvects-facebook-gewinnspiel/feed/index.html]
[herrlich.media/wp-json/oembed/1.0/embedf5e2.json]
[herrlich.media/wp-json/oembed/1.0/embed11f7]
[herrlich.media/wp-content/uploads/2013/04/erfolg.jpg]
[herrlich.media/wp-content/uploads/2013/04/artyvects11.jpg]
[herrlich.media/wp-content/uploads/2013/04/allow.jpg]
[herrlich.media/wp-content/uploads/2013/04/title-img.jpg]
[herrlich.media/arbeiten/artyvects-facebook-gewinnspiel/index.html]
[herrlich.media/wp-content/uploads/2013/04/shared-msg.jpg]
[herrlich.media/wp-content/uploads/2013/04/fail.jpg]
[herrlich.media/arbeiten/artyvects-wallets/GET]
[herrlich.media/arbeiten/artyvects-wallets/feed/index.html]
[herrlich.media/wp-json/oembed/1.0/embed8114.json]
[herrlich.media/wp-json/oembed/1.0/embedbc1e]
[herrlich.media/wp-content/uploads/2013/04/alle-wallets.jpg]
[herrlich.media/wp-content/uploads/2013/04/wallet-titel.jpg]
[herrlich.media/wp-content/uploads/2013/04/birdflashmob.jpg]
[herrlich.media/wp-content/uploads/2013/04/milk.jpg]
[herrlich.media/wp-content/uploads/2013/04/letter.jpg]
[herrlich.media/wp-content/uploads/2013/04/wall.jpg]
[herrlich.media/wp-content/uploads/2013/04/stripes.jpg]
[herrlich.media/arbeiten/artyvects-wallets/index.html]
[herrlich.media/wp-content/uploads/2013/04/einpacken.jpg]
[herrlich.media/wp-content/uploads/2013/04/new-wallets.jpg]
[herrlich.media/arbeiten/artyvects-ci/GET.44c.delayed]
[herrlich.media/wp-json/oembed/1.0/embedda7b.json]
[herrlich.media/wp-json/oembed/1.0/embed1c9d]
[herrlich.media/wp-content/uploads/2013/04/wallet-freunde.jpg]
[herrlich.media/arbeiten/artyvects-ci/feed/index.html]
[herrlich.media/wp-content/uploads/2013/04/logo.jpg]
[herrlich.media/wp-content/uploads/2013/04/artyvects-ci.jpg]
[herrlich.media/wp-content/uploads/2013/04/briefpapier.jpg]
[herrlich.media/wp-content/uploads/2013/04/rabatt-karten.jpg]
[herrlich.media/wp-content/uploads/2013/04/artyvects-banner.jpg]
[herrlich.media/wp-content/uploads/2013/04/sticker.jpg]
[herrlich.media/arbeiten/artyvects-ci/index.html]
[herrlich.media/wp-content/uploads/2013/04/playboard-aufkleber.jpg]
[herrlich.media/wp-content/uploads/2013/04/versandtaschen.jpg]
[herrlich.media/arbeiten/artyvects-onlineshop/GET.45f.delayed]
[herrlich.media/wp-json/oembed/1.0/embed46b5.json]
[herrlich.media/arbeiten/artyvects-onlineshop/feed/index.html]
[herrlich.media/wp-json/oembed/1.0/embed9a9f]
[herrlich.media/wp-content/uploads/2013/04/artyvects4.jpg]
[herrlich.media/wp-content/uploads/2013/04/artyvects7.jpg]
[herrlich.media/wp-content/uploads/2013/04/artyvects-titel.jpg]
[herrlich.media/wp-content/uploads/2013/04/artyvects3.jpg]
[herrlich.media/wp-content/uploads/2013/04/artyvects5.jpg]
[herrlich.media/arbeiten/artyvects-onlineshop/index.html]
[herrlich.media/wp-content/uploads/2013/04/artyvects1.jpg]
[herrlich.media/wp-content/uploads/2013/04/artyvects6.jpg]
[herrlich.media/arbeiten/dry-aged-beef/GET]
[herrlich.media/wp-content/uploads/2013/04/artyvects8.jpg]
[herrlich.media/wp-content/uploads/2013/04/artyvects2.jpg]
[herrlich.media/wp-json/oembed/1.0/embed8566.json]
[herrlich.media/arbeiten/dry-aged-beef/feed/index.html]
[herrlich.media/wp-json/oembed/1.0/embed2ab1]
[herrlich.media/wp-content/uploads/2013/04/dry-aged-beefsteak-titel.jpg]
[herrlich.media/wp-content/uploads/2013/04/iphone-view-dry-aged-beefsteak.jpg]
[herrlich.media/wp-content/uploads/2013/04/ipad-view-dry-aged-beefsteak.jpg]
[herrlich.media/wp-content/uploads/2013/04/bestellzeitpunkt.jpg]
[herrlich.media/wp-content/uploads/2013/04/dry-aged-beef-flyer.jpg]
[herrlich.media/wp-content/uploads/2013/04/dry-aged-beefsteak1.jpg]
[herrlich.media/wp-content/uploads/2013/04/dry-aged-beefsteak8.jpg]
[herrlich.media/wp-content/uploads/2013/04/dry-aged-beefsteak4.jpg]
[herrlich.media/arbeiten/dry-aged-beef/index.html]
[herrlich.media/arbeiten/bargfrede-sportstravel/GET]
[herrlich.media/wp-content/uploads/2013/04/dry-aged-beefsteak3.jpg]
[herrlich.media/wp-content/uploads/2013/04/dry-aged-beefsteak2.jpg]
[herrlich.media/wp-content/uploads/2013/04/dry-aged-beefsteak5.jpg]
[herrlich.media/arbeiten/bargfrede-sportstravel/feed/index.html]
[herrlich.media/wp-json/oembed/1.0/embede88a.json]
[herrlich.media/wp-json/oembed/1.0/embedc8f1]
[herrlich.media/wp-content/uploads/2013/02/bargfrede-sportstravel.jpg]
[herrlich.media/wp-content/uploads/2013/02/bargfrede-sportstravel-slide3.jpg]
[herrlich.media/wp-content/uploads/2013/02/startseite.jpg]
[herrlich.media/arbeiten/bargfrede-sportstravel/index.html]
[herrlich.media/wp-content/uploads/2013/02/bargfrede-sportstravel-slide4.jpg]
[herrlich.media/wp-content/uploads/2013/02/bargfrede-sportstravel-slide2.jpg]
[herrlich.media/wp-content/uploads/2013/02/bargfrede-sportstravel-slide1.jpg]
[herrlich.media/arbeiten/sport-bargfrede/GET]
[herrlich.media/wp-json/oembed/1.0/embed5029.json]
[herrlich.media/arbeiten/sport-bargfrede/feed/index.html]
[herrlich.media/wp-content/uploads/2013/02/bargfrede-sportstravel-slide5.jpg]
[herrlich.media/wp-json/oembed/1.0/embeda4be]
[herrlich.media/wp-content/uploads/2013/04/sportbargfrede-image1.jpg]
[herrlich.media/wp-content/uploads/2013/04/sportbargfrede-image3.jpg]
[herrlich.media/wp-content/uploads/2013/04/sportbargfrede-image2.jpg]
[herrlich.media/wp-content/uploads/2013/04/sportbargfrede-image4.jpg]
[herrlich.media/wp-content/uploads/2013/04/sportbargfrede4.jpg]
[herrlich.media/wp-content/uploads/2013/04/sportbargfrede5.jpg]
[herrlich.media/wp-content/uploads/2013/04/sportbargfrede6.jpg]
[herrlich.media/arbeiten/sport-bargfrede/index.html]
[herrlich.media/arbeiten/targetaround-landingpage/GET.html]
[herrlich.media/index313f.html]
[herrlich.media/arbeiten/goldkinder-website/GET.html]
[herrlich.media/index5e3b.html]
[herrlich.media/arbeiten/moebelwerke-sittensen/GET.html]
[herrlich.media/indexa308.html]
[herrlich.media/arbeiten/naturmoebelhaus-ehlen/GET.html]
[herrlich.media/index39c5.html]
[herrlich.media/arbeiten/retina-test/GET.html]
[herrlich.media/indexc128.html]
[herrlich.media/arbeiten/massimo-giordano/GET.html]
[herrlich.media/index5d49.html]
[herrlich.media/arbeiten/kl-production/GET.html]
[herrlich.media/index38bf.html]
[herrlich.media/arbeiten/ankerherz-websiteshop/GET.html]
[herrlich.media/index44fb.html]
[herrlich.media/arbeiten/targetaround/GET.html]
[herrlich.media/index0d79.html]
[herrlich.media/arbeiten/fahjen-website/GET.html]
[herrlich.media/index27cd.html]
[herrlich.media/arbeiten/fahjen-ci/GET.html]
[herrlich.media/index6ca3.html]
[herrlich.media/arbeiten/show-fashion/GET.html]
[herrlich.media/indexd073.html]
[herrlich.media/arbeiten/pizza-flitza-website/GET.html]
[herrlich.media/index06d3.html]
[herrlich.media/team/arne/GET.html]
[herrlich.media/index6041.html]
[herrlich.media/wp-content/uploads/2013/04/sportbargfrede2.jpg]
[herrlich.media/wp-content/uploads/2013/04/sportbargfrede3.jpg]
[herrlich.media/wp-content/uploads/2013/04/sportbargfrede1.jpg]
[herrlich.media/autor/mona/GET.499.delayed]
[herrlich.media/autor/mona/index.html]
[herrlich.media/autor/admin/page/2/GET.html]
[herrlich.media/autor/mona/feed/index.html]
[herrlich.media/team/mona/index.html]
[herrlich.media/team/fred/index.html]
[herrlich.media/autor/admin/page/3/GET.49a.delayed]
[herrlich.media/autor/admin/page/4/index.html]
[herrlich.media/thema/tophotelprojects/index.html]
[herrlich.media/autor/admin/page/3/index.html]
[herrlich.media/thema/pizza-flitza/index.html]
[herrlich.media/thema/goldkinder/index.html]
[herrlich.media/arbeiten/avides-better-trade/GET]
[herrlich.media/wp-json/oembed/1.0/embeddfa4.json]
[herrlich.media/arbeiten/avides-better-trade/feed/index.html]
[herrlich.media/wp-json/oembed/1.0/embeded7b]
[herrlich.media/arbeiten/avides-better-trade/index.html]
[herrlich.media/arbeiten/hanse-escrow/GET]
[herrlich.media/wp-json/oembed/1.0/embedd6f4.json]
[herrlich.media/arbeiten/hanse-escrow/feed/index.html]
[herrlich.media/wp-json/oembed/1.0/embedd97c]
[herrlich.media/arbeiten/hanse-escrow/index.html]
[herrlich.media/thema/avides/GET]
[herrlich.media/thema/avides/index.html]
[herrlich.media/thema/avides/feed/index.html]
[herrlich.media/thema/reccon/GET]
[herrlich.media/thema/reccon/index.html]
[herrlich.media/thema/dedon/GET]
[herrlich.media/thema/dedon/index.html]
[herrlich.media/arbeiten/lucente-lichtplanung/GET.html]
[herrlich.media/index5ed4.html]
[herrlich.media/arbeiten/gruenberg-gewuerzmanufaktur/GET.html]
[herrlich.media/indexef2b.html]
[herrlich.media/arbeiten/agantty-projektmanagement-tool/GET.html]
[herrlich.media/index66c0.html]
[herrlich.media/arbeiten/rocon/GET.html]
[herrlich.media/indexbf1a.html]
[herrlich.media/arbeiten/montagebau-hansa/GET.html]
[herrlich.media/index91b5.html]
[herrlich.media/arbeiten/buero-3e/GET.html]
[herrlich.media/index3dd6.html]
[herrlich.media/arbeiten/germanfinance-group/GET.html]
[herrlich.media/indexf179.html]
[herrlich.media/team/lea-melcher/GET.html]
[herrlich.media/indexe839.html]
[herrlich.media/thema/reccon/feed/index.html]
[herrlich.media/thema/dedon/feed/index.html]
[herrlich.media/team/luke/GET]
[herrlich.media/wp-json/oembed/1.0/embed68f5.json]
[herrlich.media/team/luke/feed/index.html]
[herrlich.media/wp-json/oembed/1.0/embedecb3]
[herrlich.media/team/luke/index.html]
[herrlich.media/arbeiten/page/6/GET.html]
[herrlich.media/arbeiten/gesundheitspraxis-lebenswege/GET]
[herrlich.media/wp-json/oembed/1.0/embed5321.json]
[herrlich.media/arbeiten/gesundheitspraxis-lebenswege/feed/index.html]
[herrlich.media/wp-json/oembed/1.0/embed755d]
[herrlich.media/wp-content/uploads/2013/04/gesundheitspraxis-lebenswege4.jpg]
[herrlich.media/wp-content/uploads/2013/04/gesundheitspraxis-lebenswege6.jpg]
[herrlich.media/wp-content/uploads/2013/04/gesundheitspraxis-lebenswege2.jpg]
[herrlich.media/wp-content/uploads/2013/04/gesundheitspraxis-lebenswege5.jpg]
[herrlich.media/arbeiten/gesundheitspraxis-lebenswege/index.html]
[herrlich.media/arbeiten/refe-rent/GET.html]
[herrlich.media/indexb7bc.html]
[herrlich.media/arbeiten/human-care/GET.html]
[herrlich.media/indexbbbc.html]
[herrlich.media/arbeiten/autoagentur-gerken-ci/GET.html]
[herrlich.media/index4fd2.html]
[herrlich.media/arbeiten/autoagentur-gerken/GET.html]
[herrlich.media/index5442.html]
[herrlich.media/arbeiten/artyvects-facebook-gewinnspiel/GET.html]
[herrlich.media/index007a.html]
[herrlich.media/arbeiten/artyvects-wallets/GET.html]
[herrlich.media/indexfef8.html]
[herrlich.media/arbeiten/artyvects-ci/GET.html]
[herrlich.media/index60bd.html]
[herrlich.media/arbeiten/artyvects-onlineshop/GET.html]
[herrlich.media/indexcaf0.html]
[herrlich.media/arbeiten/dry-aged-beef/GET.html]
[herrlich.media/index1639.html]
[herrlich.media/arbeiten/bargfrede-sportstravel/GET.html]
[herrlich.media/indexb773.html]
[herrlich.media/arbeiten/sport-bargfrede/GET.html]
[herrlich.media/index52c0.html]
[herrlich.media/autor/mona/GET.html]
[herrlich.media/wp-content/uploads/2013/04/gesundheitspraxis-lebenswege1.jpg]
[herrlich.media/wp-content/uploads/2013/04/gesundheitspraxis-lebenswege3.jpg]
[herrlich.media/team/mona/GET]
[herrlich.media/wp-json/oembed/1.0/embed3a10.json]
[herrlich.media/team/mona/feed/index.html]
[herrlich.media/wp-json/oembed/1.0/embedfb24]
[herrlich.media/team/mona/index.html]
[herrlich.media/team/fred/GET]
[herrlich.media/wp-json/oembed/1.0/embeda314.json]
[herrlich.media/team/fred/feed/index.html]
[herrlich.media/wp-json/oembed/1.0/embed602e]
[herrlich.media/team/fred/index.html]
[herrlich.media/autor/admin/page/3/GET.html]
[herrlich.media/autor/admin/page/4/GET]
[herrlich.media/team/du/index.html]
[herrlich.media/autor/admin/page/4/index.html]
[herrlich.media/autor/admin/page/5/index.html]
[herrlich.media/thema/fahjen/index.html]
[herrlich.media/thema/tophotelprojects/GET]
[herrlich.media/thema/tophotelprojects/index.html]
[herrlich.media/thema/pizza-flitza/GET]
[herrlich.media/thema/pizza-flitza/index.html]
[herrlich.media/thema/tophotelprojects/feed/index.html]
[herrlich.media/thema/pizza-flitza/feed/index.html]
[herrlich.media/thema/goldkinder/GET]
[herrlich.media/thema/goldkinder/index.html]
[herrlich.media/arbeiten/avides-better-trade/GET.html]
[herrlich.media/index1fd7.html]
[herrlich.media/arbeiten/hanse-escrow/GET.html]
[herrlich.media/indexcc63.html]
[herrlich.media/thema/avides/GET.html]
[herrlich.media/thema/reccon/GET.html]
[herrlich.media/thema/dedon/GET.html]
[herrlich.media/team/luke/GET.html]
[herrlich.media/index4cea.html]
[herrlich.media/arbeiten/gesundheitspraxis-lebenswege/GET.html]
[herrlich.media/index77b4.html]
[herrlich.media/team/mona/GET.html]
[herrlich.media/index497f.html]
[herrlich.media/team/fred/GET.html]
[herrlich.media/index735b.html]
[herrlich.media/thema/goldkinder/feed/index.html]
[herrlich.media/team/du/GET]
[herrlich.media/team/du/feed/index.html]
[herrlich.media/wp-json/oembed/1.0/embed1d10.json]
[herrlich.media/wp-json/oembed/1.0/embed430e]
[herrlich.media/team/du/index.html]
[herrlich.media/autor/admin/page/4/GET.html]
[herrlich.media/autor/admin/page/5/GET]
[herrlich.media/autor/admin/page/6/index.html]
[herrlich.media/thema/refe-rent/index.html]
[herrlich.media/thema/automobilagentur-gerken/index.html]
[herrlich.media/autor/admin/page/5/index.html]
[herrlich.media/thema/artyvects/index.html]
[herrlich.media/thema/fahjen/GET]
[herrlich.media/thema/fahjen/index.html]
[herrlich.media/thema/tophotelprojects/GET.html]
[herrlich.media/thema/pizza-flitza/GET.html]
[herrlich.media/thema/goldkinder/GET.html]
[herrlich.media/team/du/GET.html]
[herrlich.media/index287b.html]
[herrlich.media/autor/admin/page/5/GET.html]
[herrlich.media/thema/fahjen/feed/index.html]
[herrlich.media/autor/admin/page/6/GET]
[herrlich.media/autor/admin/page/6/index.html]
[herrlich.media/thema/refe-rent/GET]
[herrlich.media/thema/refe-rent/index.html]
[herrlich.media/thema/refe-rent/feed/index.html]
[herrlich.media/thema/automobilagentur-gerken/GET]
[herrlich.media/thema/automobilagentur-gerken/index.html]
[herrlich.media/thema/artyvects/GET]
[herrlich.media/thema/artyvects/index.html]
[herrlich.media/thema/fahjen/GET.html]
[herrlich.media/autor/admin/page/6/GET.html]
[herrlich.media/thema/refe-rent/GET.html]
[herrlich.media/thema/automobilagentur-gerken/GET.html]
[herrlich.media/thema/automobilagentur-gerken/feed/index.html]
[herrlich.media/thema/artyvects/GET.html]
[herrlich.media/thema/artyvects/feed/index.html]
